09-15 08:52:24.941 11044 11065 I TestRunner: started: horizontal_scroll_content_at_last_position(com.example.dogglers.HorizontalListTests)
09-15 08:52:24.949 11044 11065 W Settings: Setting always_finish_activities has moved from android.provider.Settings.System to android.provider.Settings.Global, returning read-only value.
09-15 08:52:24.967   849   936 D SplashScreenView: Build android.window.SplashScreenView{ea9115e V.E...... ......ID 0,0-0,0}
09-15 08:52:24.967   849   936 D SplashScreenView: Icon: view: null drawable: null size: 0
09-15 08:52:24.967   849   936 D SplashScreenView: Branding: view: android.view.View{dfb393f G.ED..... ......I. 0,0-0,0 #10204a6 android:id/splashscreen_branding_view} drawable: null size w: 0 h: 0
09-15 08:52:24.981 11044 11044 D LifecycleMonitor: Lifecycle status change: androidx.test.core.app.InstrumentationActivityInvoker$BootstrapActivity@af06bae in: PRE_ON_CREATE
09-15 08:52:24.981 11044 11044 V ActivityScenario: Activity lifecycle changed event received but ignored because the intent does not match. startActivityIntent=Intent { act=android.intent.action.MAIN cat=[android.intent.category.LAUNCHER] cmp=com.example.dogglers/.HorizontalListActivity }, activity.getIntent()=Intent { act=android.intent.action.MAIN cat=[android.intent.category.LAUNCHER] flg=0x10008000 cmp=com.example.dogglers/androidx.test.core.app.InstrumentationActivityInvoker$BootstrapActivity (has extras) }, activity=androidx.test.core.app.InstrumentationActivityInvoker$BootstrapActivity@af06bae
09-15 08:52:24.986   361   361 D goldfish-address-space: claimShared: Ask to claim region [0x3f0000000 0x3f09a4000]
09-15 08:52:24.989   361   361 D goldfish-address-space: claimShared: Ask to claim region [0x3f0fd0000 0x3f1974000]
09-15 08:52:24.991   361   361 D goldfish-address-space: claimShared: Ask to claim region [0x3f1974000 0x3f2318000]
09-15 08:52:24.992 11044 11044 D LifecycleMonitor: Lifecycle status change: androidx.test.core.app.InstrumentationActivityInvoker$BootstrapActivity@af06bae in: CREATED
09-15 08:52:24.994 11044 11044 V ActivityScenario: Activity lifecycle changed event received but ignored because the intent does not match. startActivityIntent=Intent { act=android.intent.action.MAIN cat=[android.intent.category.LAUNCHER] cmp=com.example.dogglers/.HorizontalListActivity }, activity.getIntent()=Intent { act=android.intent.action.MAIN cat=[android.intent.category.LAUNCHER] flg=0x10008000 cmp=com.example.dogglers/androidx.test.core.app.InstrumentationActivityInvoker$BootstrapActivity (has extras) }, activity=androidx.test.core.app.InstrumentationActivityInvoker$BootstrapActivity@af06bae
09-15 08:52:24.997 11044 11044 D LifecycleMonitor: Lifecycle status change: androidx.test.core.app.InstrumentationActivityInvoker$BootstrapActivity@af06bae in: STARTED
09-15 08:52:24.998 11044 11044 V ActivityScenario: Activity lifecycle changed event received but ignored because the intent does not match. startActivityIntent=Intent { act=android.intent.action.MAIN cat=[android.intent.category.LAUNCHER] cmp=com.example.dogglers/.HorizontalListActivity }, activity.getIntent()=Intent { act=android.intent.action.MAIN cat=[android.intent.category.LAUNCHER] flg=0x10008000 cmp=com.example.dogglers/androidx.test.core.app.InstrumentationActivityInvoker$BootstrapActivity (has extras) }, activity=androidx.test.core.app.InstrumentationActivityInvoker$BootstrapActivity@af06bae
09-15 08:52:25.005 11044 11044 D LifecycleMonitor: Lifecycle status change: androidx.test.core.app.InstrumentationActivityInvoker$BootstrapActivity@af06bae in: RESUMED
09-15 08:52:25.005 11044 11044 V ActivityScenario: Activity lifecycle changed event received but ignored because the intent does not match. startActivityIntent=Intent { act=android.intent.action.MAIN cat=[android.intent.category.LAUNCHER] cmp=com.example.dogglers/.HorizontalListActivity }, activity.getIntent()=Intent { act=android.intent.action.MAIN cat=[android.intent.category.LAUNCHER] flg=0x10008000 cmp=com.example.dogglers/androidx.test.core.app.InstrumentationActivityInvoker$BootstrapActivity (has extras) }, activity=androidx.test.core.app.InstrumentationActivityInvoker$BootstrapActivity@af06bae
09-15 08:52:25.006 11044 11044 D LifecycleMonitor: Lifecycle status change: androidx.test.core.app.InstrumentationActivityInvoker$BootstrapActivity@af06bae in: PAUSED
09-15 08:52:25.006 11044 11044 V ActivityScenario: Activity lifecycle changed event received but ignored because the intent does not match. startActivityIntent=Intent { act=android.intent.action.MAIN cat=[android.intent.category.LAUNCHER] cmp=com.example.dogglers/.HorizontalListActivity }, activity.getIntent()=Intent { act=android.intent.action.MAIN cat=[android.intent.category.LAUNCHER] flg=0x10008000 cmp=com.example.dogglers/androidx.test.core.app.InstrumentationActivityInvoker$BootstrapActivity (has extras) }, activity=androidx.test.core.app.InstrumentationActivityInvoker$BootstrapActivity@af06bae
09-15 08:52:25.016   849   941 D EGL_emulation: app_time_stats: avg=36.72ms min=12.17ms max=450.02ms count=30
09-15 08:52:25.020 11044 11044 D LifecycleMonitor: Lifecycle status change: com.example.dogglers.HorizontalListActivity@e17fac8 in: PRE_ON_CREATE
09-15 08:52:25.020 11044 11044 V ActivityScenario: Activity lifecycle changed event received but ignored because the reported transition was not ON_CREATE while the last known transition was PRE_ON_CREATE
09-15 08:52:25.033 11044 11044 D LifecycleMonitor: Lifecycle status change: com.example.dogglers.HorizontalListActivity@e17fac8 in: CREATED
09-15 08:52:25.033 11044 11044 V ActivityScenario: Update currentActivityStage to CREATED, currentActivity=com.example.dogglers.HorizontalListActivity@e17fac8
09-15 08:52:25.034 11044 11044 D LifecycleMonitor: Lifecycle status change: com.example.dogglers.HorizontalListActivity@e17fac8 in: STARTED
09-15 08:52:25.035 11044 11044 V ActivityScenario: Update currentActivityStage to STARTED, currentActivity=com.example.dogglers.HorizontalListActivity@e17fac8
09-15 08:52:25.035 11044 11044 D LifecycleMonitor: Lifecycle status change: com.example.dogglers.HorizontalListActivity@e17fac8 in: RESUMED
09-15 08:52:25.035 11044 11044 V ActivityScenario: Update currentActivityStage to RESUMED, currentActivity=com.example.dogglers.HorizontalListActivity@e17fac8
09-15 08:52:25.058   361   361 D goldfish-address-space: claimShared: Ask to claim region [0x3f2318000 0x3f2cbc000]
09-15 08:52:25.063   361   361 D goldfish-address-space: claimShared: Ask to claim region [0x3f2cbc000 0x3f3660000]
09-15 08:52:25.066   361   361 D goldfish-address-space: claimShared: Ask to claim region [0x3f5cec000 0x3f6690000]
09-15 08:52:25.070  2819  2819 I GsaVoiceInteractionSrv: Handling ACTION_STOP_HOTWORD
09-15 08:52:25.070  2819  2819 E HwDetectorWithState: a: 3
09-15 08:52:25.082   568   611 I ActivityTaskManager: Displayed com.example.dogglers/.HorizontalListActivity: +123ms
09-15 08:52:25.088 11044 11044 D RootViewPicker: Root not ready - waiting: 10ms for one to appear.
09-15 08:52:25.124  1488  1488 I GoogleInputMethodService: GoogleInputMethodService.onFinishInput():3420
09-15 08:52:25.124  1488  1488 I GoogleInputMethodService: GoogleInputMethodService.onStartInput():2002
09-15 08:52:25.126 11044 11044 I ViewInteraction: Performing 'scroll RecyclerView to position: 5' action on view view.getId() is <2131230948/com.example.dogglers:id/horizontal_recycler_view>
09-15 08:52:25.130  1488  1488 I DeviceUnlockedTag: DeviceUnlockedTag.notifyDeviceLockStatusChanged():31 Notify device unlocked.
09-15 08:52:25.156 11044 11044 I ViewInteraction: Checking 'MatchesViewAssertion{viewMatcher=(view has effective visibility <VISIBLE> and view.getGlobalVisibleRect() to return non-empty rectangle)}' assertion on view an instance of android.widget.TextView and view.getText() with or without transformation to match: is "Bella"
09-15 08:52:25.169 11044 11044 D LifecycleMonitor: Lifecycle status change: com.example.dogglers.HorizontalListActivity@e17fac8 in: PAUSED
09-15 08:52:25.169 11044 11044 V ActivityScenario: Update currentActivityStage to PAUSED, currentActivity=com.example.dogglers.HorizontalListActivity@e17fac8
09-15 08:52:25.183 11044 11044 D LifecycleMonitor: Lifecycle status change: androidx.test.core.app.InstrumentationActivityInvoker$EmptyActivity@e918f59 in: PRE_ON_CREATE
09-15 08:52:25.184 11044 11044 V ActivityScenario: Activity lifecycle changed event received but ignored because the intent does not match. startActivityIntent=Intent { act=android.intent.action.MAIN cat=[android.intent.category.LAUNCHER] cmp=com.example.dogglers/.HorizontalListActivity }, activity.getIntent()=Intent { act=android.intent.action.MAIN cat=[android.intent.category.LAUNCHER] flg=0x10000000 cmp=com.example.dogglers/androidx.test.core.app.InstrumentationActivityInvoker$EmptyActivity }, activity=androidx.test.core.app.InstrumentationActivityInvoker$EmptyActivity@e918f59
09-15 08:52:25.187 11044 11044 D LifecycleMonitor: Lifecycle status change: androidx.test.core.app.InstrumentationActivityInvoker$EmptyActivity@e918f59 in: CREATED
09-15 08:52:25.187 11044 11044 V ActivityScenario: Activity lifecycle changed event received but ignored because the intent does not match. startActivityIntent=Intent { act=android.intent.action.MAIN cat=[android.intent.category.LAUNCHER] cmp=com.example.dogglers/.HorizontalListActivity }, activity.getIntent()=Intent { act=android.intent.action.MAIN cat=[android.intent.category.LAUNCHER] flg=0x10000000 cmp=com.example.dogglers/androidx.test.core.app.InstrumentationActivityInvoker$EmptyActivity }, activity=androidx.test.core.app.InstrumentationActivityInvoker$EmptyActivity@e918f59
09-15 08:52:25.188 11044 11044 D LifecycleMonitor: Lifecycle status change: androidx.test.core.app.InstrumentationActivityInvoker$EmptyActivity@e918f59 in: STARTED
09-15 08:52:25.188 11044 11044 V ActivityScenario: Activity lifecycle changed event received but ignored because the intent does not match. startActivityIntent=Intent { act=android.intent.action.MAIN cat=[android.intent.category.LAUNCHER] cmp=com.example.dogglers/.HorizontalListActivity }, activity.getIntent()=Intent { act=android.intent.action.MAIN cat=[android.intent.category.LAUNCHER] flg=0x10000000 cmp=com.example.dogglers/androidx.test.core.app.InstrumentationActivityInvoker$EmptyActivity }, activity=androidx.test.core.app.InstrumentationActivityInvoker$EmptyActivity@e918f59
09-15 08:52:25.189 11044 11044 D LifecycleMonitor: Lifecycle status change: androidx.test.core.app.InstrumentationActivityInvoker$EmptyActivity@e918f59 in: RESUMED
09-15 08:52:25.189 11044 11044 V ActivityScenario: Activity lifecycle changed event received but ignored because the intent does not match. startActivityIntent=Intent { act=android.intent.action.MAIN cat=[android.intent.category.LAUNCHER] cmp=com.example.dogglers/.HorizontalListActivity }, activity.getIntent()=Intent { act=android.intent.action.MAIN cat=[android.intent.category.LAUNCHER] flg=0x10000000 cmp=com.example.dogglers/androidx.test.core.app.InstrumentationActivityInvoker$EmptyActivity }, activity=androidx.test.core.app.InstrumentationActivityInvoker$EmptyActivity@e918f59
09-15 08:52:25.204   361   361 D goldfish-address-space: claimShared: Ask to claim region [0x3f6690000 0x3f7034000]
09-15 08:52:25.205   361   361 D goldfish-address-space: claimShared: Ask to claim region [0x3f7034000 0x3f79d8000]
09-15 08:52:25.206   361   361 D goldfish-address-space: claimShared: Ask to claim region [0x3f8000000 0x3f89a4000]
09-15 08:52:25.218   568   611 I ActivityTaskManager: Displayed com.example.dogglers/androidx.test.core.app.InstrumentationActivityInvoker$EmptyActivity: +56ms
09-15 08:52:25.237  1488  1488 I GoogleInputMethodService: GoogleInputMethodService.onFinishInput():3420
09-15 08:52:25.238  1488  1488 I GoogleInputMethodService: GoogleInputMethodService.onStartInput():2002
09-15 08:52:25.238  1488  1488 I DeviceUnlockedTag: DeviceUnlockedTag.notifyDeviceLockStatusChanged():31 Notify device unlocked.
09-15 08:52:25.239 11044 11044 D LifecycleMonitor: Lifecycle status change: androidx.test.core.app.InstrumentationActivityInvoker$EmptyActivity@e918f59 in: PAUSED
09-15 08:52:25.240 11044 11044 V ActivityScenario: Activity lifecycle changed event received but ignored because the intent does not match. startActivityIntent=Intent { act=android.intent.action.MAIN cat=[android.intent.category.LAUNCHER] cmp=com.example.dogglers/.HorizontalListActivity }, activity.getIntent()=Intent { act=android.intent.action.MAIN cat=[android.intent.category.LAUNCHER] flg=0x10000000 cmp=com.example.dogglers/androidx.test.core.app.InstrumentationActivityInvoker$EmptyActivity }, activity=androidx.test.core.app.InstrumentationActivityInvoker$EmptyActivity@e918f59
09-15 08:52:25.252 11044 11044 D LifecycleMonitor: Lifecycle status change: androidx.test.core.app.InstrumentationActivityInvoker$EmptyActivity@96c0ab8 in: PRE_ON_CREATE
09-15 08:52:25.253 11044 11044 V ActivityScenario: Activity lifecycle changed event received but ignored because the intent does not match. startActivityIntent=Intent { act=android.intent.action.MAIN cat=[android.intent.category.LAUNCHER] cmp=com.example.dogglers/.HorizontalListActivity }, activity.getIntent()=Intent { act=android.intent.action.MAIN cat=[android.intent.category.LAUNCHER] flg=0x10000000 cmp=com.example.dogglers/androidx.test.core.app.InstrumentationActivityInvoker$EmptyActivity }, activity=androidx.test.core.app.InstrumentationActivityInvoker$EmptyActivity@96c0ab8
09-15 08:52:25.256 11044 11044 D LifecycleMonitor: Lifecycle status change: androidx.test.core.app.InstrumentationActivityInvoker$EmptyActivity@96c0ab8 in: CREATED
09-15 08:52:25.256 11044 11044 V ActivityScenario: Activity lifecycle changed event received but ignored because the intent does not match. startActivityIntent=Intent { act=android.intent.action.MAIN cat=[android.intent.category.LAUNCHER] cmp=com.example.dogglers/.HorizontalListActivity }, activity.getIntent()=Intent { act=android.intent.action.MAIN cat=[android.intent.category.LAUNCHER] flg=0x10000000 cmp=com.example.dogglers/androidx.test.core.app.InstrumentationActivityInvoker$EmptyActivity }, activity=androidx.test.core.app.InstrumentationActivityInvoker$EmptyActivity@96c0ab8
09-15 08:52:25.258 11044 11044 D LifecycleMonitor: Lifecycle status change: androidx.test.core.app.InstrumentationActivityInvoker$EmptyActivity@96c0ab8 in: STARTED
09-15 08:52:25.260 11044 11044 V ActivityScenario: Activity lifecycle changed event received but ignored because the intent does not match. startActivityIntent=Intent { act=android.intent.action.MAIN cat=[android.intent.category.LAUNCHER] cmp=com.example.dogglers/.HorizontalListActivity }, activity.getIntent()=Intent { act=android.intent.action.MAIN cat=[android.intent.category.LAUNCHER] flg=0x10000000 cmp=com.example.dogglers/androidx.test.core.app.InstrumentationActivityInvoker$EmptyActivity }, activity=androidx.test.core.app.InstrumentationActivityInvoker$EmptyActivity@96c0ab8
09-15 08:52:25.264 11044 11044 D LifecycleMonitor: Lifecycle status change: androidx.test.core.app.InstrumentationActivityInvoker$EmptyActivity@96c0ab8 in: RESUMED
09-15 08:52:25.265 11044 11044 V ActivityScenario: Activity lifecycle changed event received but ignored because the intent does not match. startActivityIntent=Intent { act=android.intent.action.MAIN cat=[android.intent.category.LAUNCHER] cmp=com.example.dogglers/.HorizontalListActivity }, activity.getIntent()=Intent { act=android.intent.action.MAIN cat=[android.intent.category.LAUNCHER] flg=0x10000000 cmp=com.example.dogglers/androidx.test.core.app.InstrumentationActivityInvoker$EmptyActivity }, activity=androidx.test.core.app.InstrumentationActivityInvoker$EmptyActivity@96c0ab8
09-15 08:52:25.273   361   361 D goldfish-address-space: claimShared: Ask to claim region [0x3f89a4000 0x3f9348000]
09-15 08:52:25.274   361   361 D goldfish-address-space: claimShared: Ask to claim region [0x3f9348000 0x3f9cec000]
09-15 08:52:25.279   361   361 D goldfish-address-space: claimShared: Ask to claim region [0x3f9cec000 0x3fa690000]
09-15 08:52:25.287   568   611 I ActivityTaskManager: Displayed com.example.dogglers/androidx.test.core.app.InstrumentationActivityInvoker$EmptyActivity: +55ms
09-15 08:52:25.296   568   615 W InputManager-JNI: Input channel object 'eac3874 Splash Screen com.example.dogglers (client)' was disposed without first being removed with the input manager!
09-15 08:52:25.302  1488  1488 I GoogleInputMethodService: GoogleInputMethodService.onFinishInput():3420
09-15 08:52:25.302  1488  1488 I GoogleInputMethodService: GoogleInputMethodService.onStartInput():2002
09-15 08:52:25.302  1488  1488 I DeviceUnlockedTag: DeviceUnlockedTag.notifyDeviceLockStatusChanged():31 Notify device unlocked.
09-15 08:52:25.305   361   361 D goldfish-address-space: claimShared: Ask to claim region [0x3f3660000 0x3f3c8c000]
09-15 08:52:25.319 11044 11044 D LifecycleMonitor: Lifecycle status change: androidx.test.core.app.InstrumentationActivityInvoker$EmptyActivity@e918f59 in: STOPPED
09-15 08:52:25.320 11044 11044 V ActivityScenario: Activity lifecycle changed event received but ignored because the intent does not match. startActivityIntent=Intent { act=android.intent.action.MAIN cat=[android.intent.category.LAUNCHER] cmp=com.example.dogglers/.HorizontalListActivity }, activity.getIntent()=Intent { act=android.intent.action.MAIN cat=[android.intent.category.LAUNCHER] flg=0x10000000 cmp=com.example.dogglers/androidx.test.core.app.InstrumentationActivityInvoker$EmptyActivity }, activity=androidx.test.core.app.InstrumentationActivityInvoker$EmptyActivity@e918f59
09-15 08:52:25.321 11044 11044 D LifecycleMonitor: Lifecycle status change: com.example.dogglers.HorizontalListActivity@e17fac8 in: STOPPED
09-15 08:52:25.321 11044 11044 V ActivityScenario: Update currentActivityStage to STOPPED, currentActivity=com.example.dogglers.HorizontalListActivity@e17fac8
09-15 08:52:25.321  2701  2701 I A       : onApplyWindowInsets: systemWindowInsets=Insets{left=0, top=145, right=0, bottom=132}
09-15 08:52:25.321  2701  2701 I A       : onApplyWindowInsets: Adjusting for display cutouts. Safe insets: left=0, top=136, right=0, bottom=0
09-15 08:52:25.321  2701  2701 I A       : onApplyWindowInsets: systemWindowInsets=Insets{left=0, top=145, right=0, bottom=132}
09-15 08:52:25.322 11044 11044 D LifecycleMonitor: Lifecycle status change: com.example.dogglers.HorizontalListActivity@e17fac8 in: DESTROYED
09-15 08:52:25.322 11044 11044 V ActivityScenario: Update currentActivityStage to DESTROYED, currentActivity=null
09-15 08:52:25.323   568   606 W InputManager-JNI: Input channel object '2f8263c com.example.dogglers/com.example.dogglers.HorizontalListActivity (client)' was disposed without first being removed with the input manager!
09-15 08:52:25.325 11044 11044 D LifecycleMonitor: Lifecycle status change: androidx.test.core.app.InstrumentationActivityInvoker$BootstrapActivity@af06bae in: STOPPED
09-15 08:52:25.325 11044 11044 V ActivityScenario: Activity lifecycle changed event received but ignored because the intent does not match. startActivityIntent=Intent { act=android.intent.action.MAIN cat=[android.intent.category.LAUNCHER] cmp=com.example.dogglers/.HorizontalListActivity }, activity.getIntent()=Intent { act=android.intent.action.MAIN cat=[android.intent.category.LAUNCHER] flg=0x10008000 cmp=com.example.dogglers/androidx.test.core.app.InstrumentationActivityInvoker$BootstrapActivity (has extras) }, activity=androidx.test.core.app.InstrumentationActivityInvoker$BootstrapActivity@af06bae
09-15 08:52:25.329 11044 11044 D LifecycleMonitor: Lifecycle status change: androidx.test.core.app.InstrumentationActivityInvoker$BootstrapActivity@af06bae in: DESTROYED
09-15 08:52:25.329 11044 11044 V ActivityScenario: Activity lifecycle changed event received but ignored because the intent does not match. startActivityIntent=Intent { act=android.intent.action.MAIN cat=[android.intent.category.LAUNCHER] cmp=com.example.dogglers/.HorizontalListActivity }, activity.getIntent()=Intent { act=android.intent.action.MAIN cat=[android.intent.category.LAUNCHER] flg=0x10008000 cmp=com.example.dogglers/androidx.test.core.app.InstrumentationActivityInvoker$BootstrapActivity (has extras) }, activity=androidx.test.core.app.InstrumentationActivityInvoker$BootstrapActivity@af06bae
09-15 08:52:25.332 11044 11044 D LifecycleMonitor: Lifecycle status change: androidx.test.core.app.InstrumentationActivityInvoker$EmptyActivity@e918f59 in: DESTROYED
09-15 08:52:25.332 11044 11044 V ActivityScenario: Activity lifecycle changed event received but ignored because the intent does not match. startActivityIntent=Intent { act=android.intent.action.MAIN cat=[android.intent.category.LAUNCHER] cmp=com.example.dogglers/.HorizontalListActivity }, activity.getIntent()=Intent { act=android.intent.action.MAIN cat=[android.intent.category.LAUNCHER] flg=0x10000000 cmp=com.example.dogglers/androidx.test.core.app.InstrumentationActivityInvoker$EmptyActivity }, activity=androidx.test.core.app.InstrumentationActivityInvoker$EmptyActivity@e918f59
09-15 08:52:25.335   568   606 W InputManager-JNI: Input channel object 'f00cf70 com.example.dogglers/androidx.test.core.app.InstrumentationActivityInvoker$EmptyActivity (client)' was disposed without first being removed with the input manager!
09-15 08:52:25.337 11044 11044 D LifecycleMonitor: Lifecycle status change: androidx.test.core.app.InstrumentationActivityInvoker$EmptyActivity@96c0ab8 in: PAUSED
09-15 08:52:25.337 11044 11044 V ActivityScenario: Activity lifecycle changed event received but ignored because the intent does not match. startActivityIntent=Intent { act=android.intent.action.MAIN cat=[android.intent.category.LAUNCHER] cmp=com.example.dogglers/.HorizontalListActivity }, activity.getIntent()=Intent { act=android.intent.action.MAIN cat=[android.intent.category.LAUNCHER] flg=0x10000000 cmp=com.example.dogglers/androidx.test.core.app.InstrumentationActivityInvoker$EmptyActivity }, activity=androidx.test.core.app.InstrumentationActivityInvoker$EmptyActivity@96c0ab8
09-15 08:52:25.346  2701  2701 I A       : onApplyWindowInsets: systemWindowInsets=Insets{left=0, top=145, right=0, bottom=132}
09-15 08:52:25.347  2701  2701 I A       : onApplyWindowInsets: Adjusting for display cutouts. Safe insets: left=0, top=136, right=0, bottom=0
09-15 08:52:25.347  2701  2701 I A       : onApplyWindowInsets: systemWindowInsets=Insets{left=0, top=145, right=0, bottom=132}
09-15 08:52:25.347   361   361 D goldfish-address-space: claimShared: Ask to claim region [0x3ee5cc000 0x3eef70000]
09-15 08:52:25.348   361   361 D goldfish-address-space: claimShared: Ask to claim region [0x3ec000000 0x3ec9a4000]
09-15 08:52:25.349   361   443 D goldfish-address-space: claimShared: Ask to claim region [0x3ec9a4000 0x3ed348000]
09-15 08:52:25.354 11044 11065 I TestRunner: finished: horizontal_scroll_content_at_last_position(com.example.dogglers.HorizontalListTests)
