09-15 08:52:13.932 11044 11065 I TestRunner: started: clicking_vertical_list_button_displays_vertical_list(com.example.dogglers.ButtonTests)
09-15 08:52:13.938 11044 11065 W Settings: Setting always_finish_activities has moved from android.provider.Settings.System to android.provider.Settings.Global, returning read-only value.
09-15 08:52:13.968   849   936 D SplashScreenView: Build android.window.SplashScreenView{9bc5836 V.E...... ......ID 0,0-0,0}
09-15 08:52:13.968   849   936 D SplashScreenView: Icon: view: null drawable: null size: 0
09-15 08:52:13.968   849   936 D SplashScreenView: Branding: view: android.view.View{7d63337 G.ED..... ......I. 0,0-0,0 #10204a6 android:id/splashscreen_branding_view} drawable: null size w: 0 h: 0
09-15 08:52:13.983 11044 11044 D LifecycleMonitor: Lifecycle status change: androidx.test.core.app.InstrumentationActivityInvoker$BootstrapActivity@320daf3 in: PRE_ON_CREATE
09-15 08:52:13.984 11044 11044 V ActivityScenario: Activity lifecycle changed event received but ignored because the intent does not match. startActivityIntent=Intent { act=android.intent.action.MAIN cat=[android.intent.category.LAUNCHER] cmp=com.example.dogglers/.MainActivity }, activity.getIntent()=Intent { act=android.intent.action.MAIN cat=[android.intent.category.LAUNCHER] flg=0x10008000 cmp=com.example.dogglers/androidx.test.core.app.InstrumentationActivityInvoker$BootstrapActivity (has extras) }, activity=androidx.test.core.app.InstrumentationActivityInvoker$BootstrapActivity@320daf3
09-15 08:52:13.992   361   443 D goldfish-address-space: claimShared: Ask to claim region [0x3ec000000 0x3ec9a4000]
09-15 08:52:13.994 11044 11044 D LifecycleMonitor: Lifecycle status change: androidx.test.core.app.InstrumentationActivityInvoker$BootstrapActivity@320daf3 in: CREATED
09-15 08:52:13.994 11044 11044 V ActivityScenario: Activity lifecycle changed event received but ignored because the intent does not match. startActivityIntent=Intent { act=android.intent.action.MAIN cat=[android.intent.category.LAUNCHER] cmp=com.example.dogglers/.MainActivity }, activity.getIntent()=Intent { act=android.intent.action.MAIN cat=[android.intent.category.LAUNCHER] flg=0x10008000 cmp=com.example.dogglers/androidx.test.core.app.InstrumentationActivityInvoker$BootstrapActivity (has extras) }, activity=androidx.test.core.app.InstrumentationActivityInvoker$BootstrapActivity@320daf3
09-15 08:52:13.995 11044 11044 D LifecycleMonitor: Lifecycle status change: androidx.test.core.app.InstrumentationActivityInvoker$BootstrapActivity@320daf3 in: STARTED
09-15 08:52:13.995 11044 11044 V ActivityScenario: Activity lifecycle changed event received but ignored because the intent does not match. startActivityIntent=Intent { act=android.intent.action.MAIN cat=[android.intent.category.LAUNCHER] cmp=com.example.dogglers/.MainActivity }, activity.getIntent()=Intent { act=android.intent.action.MAIN cat=[android.intent.category.LAUNCHER] flg=0x10008000 cmp=com.example.dogglers/androidx.test.core.app.InstrumentationActivityInvoker$BootstrapActivity (has extras) }, activity=androidx.test.core.app.InstrumentationActivityInvoker$BootstrapActivity@320daf3
09-15 08:52:13.998   361   443 D goldfish-address-space: claimShared: Ask to claim region [0x3ed974000 0x3ee318000]
09-15 08:52:14.002 11044 11044 D LifecycleMonitor: Lifecycle status change: androidx.test.core.app.InstrumentationActivityInvoker$BootstrapActivity@320daf3 in: RESUMED
09-15 08:52:14.002 11044 11044 V ActivityScenario: Activity lifecycle changed event received but ignored because the intent does not match. startActivityIntent=Intent { act=android.intent.action.MAIN cat=[android.intent.category.LAUNCHER] cmp=com.example.dogglers/.MainActivity }, activity.getIntent()=Intent { act=android.intent.action.MAIN cat=[android.intent.category.LAUNCHER] flg=0x10008000 cmp=com.example.dogglers/androidx.test.core.app.InstrumentationActivityInvoker$BootstrapActivity (has extras) }, activity=androidx.test.core.app.InstrumentationActivityInvoker$BootstrapActivity@320daf3
09-15 08:52:14.003 11044 11044 D LifecycleMonitor: Lifecycle status change: androidx.test.core.app.InstrumentationActivityInvoker$BootstrapActivity@320daf3 in: PAUSED
09-15 08:52:14.004 11044 11044 V ActivityScenario: Activity lifecycle changed event received but ignored because the intent does not match. startActivityIntent=Intent { act=android.intent.action.MAIN cat=[android.intent.category.LAUNCHER] cmp=com.example.dogglers/.MainActivity }, activity.getIntent()=Intent { act=android.intent.action.MAIN cat=[android.intent.category.LAUNCHER] flg=0x10008000 cmp=com.example.dogglers/androidx.test.core.app.InstrumentationActivityInvoker$BootstrapActivity (has extras) }, activity=androidx.test.core.app.InstrumentationActivityInvoker$BootstrapActivity@320daf3
09-15 08:52:14.004   361   443 D goldfish-address-space: claimShared: Ask to claim region [0x3f09a4000 0x3f1348000]
09-15 08:52:14.017 11044 11044 D LifecycleMonitor: Lifecycle status change: com.example.dogglers.MainActivity@950a7e5 in: PRE_ON_CREATE
09-15 08:52:14.017 11044 11044 V ActivityScenario: Activity lifecycle changed event received but ignored because the reported transition was not ON_CREATE while the last known transition was PRE_ON_CREATE
09-15 08:52:14.038 11044 11044 D LifecycleMonitor: Lifecycle status change: com.example.dogglers.MainActivity@950a7e5 in: CREATED
09-15 08:52:14.038 11044 11044 V ActivityScenario: Update currentActivityStage to CREATED, currentActivity=com.example.dogglers.MainActivity@950a7e5
09-15 08:52:14.039 11044 11044 D LifecycleMonitor: Lifecycle status change: com.example.dogglers.MainActivity@950a7e5 in: STARTED
09-15 08:52:14.040 11044 11044 V ActivityScenario: Update currentActivityStage to STARTED, currentActivity=com.example.dogglers.MainActivity@950a7e5
09-15 08:52:14.041 11044 11044 D LifecycleMonitor: Lifecycle status change: com.example.dogglers.MainActivity@950a7e5 in: RESUMED
09-15 08:52:14.041 11044 11044 V ActivityScenario: Update currentActivityStage to RESUMED, currentActivity=com.example.dogglers.MainActivity@950a7e5
09-15 08:52:14.066  2819  2819 I GsaVoiceInteractionSrv: Handling ACTION_STOP_HOTWORD
09-15 08:52:14.066  2819  2819 E HwDetectorWithState: a: 3
09-15 08:52:14.069   361   443 D goldfish-address-space: claimShared: Ask to claim region [0x3f1348000 0x3f1cec000]
09-15 08:52:14.071   361   443 D goldfish-address-space: claimShared: Ask to claim region [0x3f5348000 0x3f5cec000]
09-15 08:52:14.071   361   442 D goldfish-address-space: claimShared: Ask to claim region [0x3f5cec000 0x3f6690000]
09-15 08:52:14.088   568   611 I ActivityTaskManager: Displayed com.example.dogglers/.MainActivity: +142ms
09-15 08:52:14.098  1488  1488 I GoogleInputMethodService: GoogleInputMethodService.onFinishInput():3420
09-15 08:52:14.099  1488  1488 I GoogleInputMethodService: GoogleInputMethodService.onStartInput():2002
09-15 08:52:14.101  1488  1488 I DeviceUnlockedTag: DeviceUnlockedTag.notifyDeviceLockStatusChanged():31 Notify device unlocked.
09-15 08:52:14.136 11044 11044 I ViewInteraction: Performing 'single click' action on view view.getId() is <2131231204/com.example.dogglers:id/vertical_btn>
09-15 08:52:14.188 11044 11044 D LifecycleMonitor: Lifecycle status change: com.example.dogglers.MainActivity@950a7e5 in: PAUSED
09-15 08:52:14.188 11044 11044 V ActivityScenario: Update currentActivityStage to PAUSED, currentActivity=com.example.dogglers.MainActivity@950a7e5
09-15 08:52:14.204 11044 11044 D LifecycleMonitor: Lifecycle status change: com.example.dogglers.VerticalListActivity@7f1f13d in: PRE_ON_CREATE
09-15 08:52:14.204 11044 11044 V ActivityScenario: Activity lifecycle changed event received but ignored because the intent does not match. startActivityIntent=Intent { act=android.intent.action.MAIN cat=[android.intent.category.LAUNCHER] cmp=com.example.dogglers/.MainActivity }, activity.getIntent()=Intent { cmp=com.example.dogglers/.VerticalListActivity }, activity=com.example.dogglers.VerticalListActivity@7f1f13d
09-15 08:52:14.221 11044 11044 D LifecycleMonitor: Lifecycle status change: com.example.dogglers.VerticalListActivity@7f1f13d in: CREATED
09-15 08:52:14.222 11044 11044 V ActivityScenario: Activity lifecycle changed event received but ignored because the intent does not match. startActivityIntent=Intent { act=android.intent.action.MAIN cat=[android.intent.category.LAUNCHER] cmp=com.example.dogglers/.MainActivity }, activity.getIntent()=Intent { cmp=com.example.dogglers/.VerticalListActivity }, activity=com.example.dogglers.VerticalListActivity@7f1f13d
09-15 08:52:14.223 11044 11044 D LifecycleMonitor: Lifecycle status change: com.example.dogglers.VerticalListActivity@7f1f13d in: STARTED
09-15 08:52:14.223 11044 11044 V ActivityScenario: Activity lifecycle changed event received but ignored because the intent does not match. startActivityIntent=Intent { act=android.intent.action.MAIN cat=[android.intent.category.LAUNCHER] cmp=com.example.dogglers/.MainActivity }, activity.getIntent()=Intent { cmp=com.example.dogglers/.VerticalListActivity }, activity=com.example.dogglers.VerticalListActivity@7f1f13d
09-15 08:52:14.224 11044 11044 D LifecycleMonitor: Lifecycle status change: com.example.dogglers.VerticalListActivity@7f1f13d in: RESUMED
09-15 08:52:14.224 11044 11044 V ActivityScenario: Activity lifecycle changed event received but ignored because the intent does not match. startActivityIntent=Intent { act=android.intent.action.MAIN cat=[android.intent.category.LAUNCHER] cmp=com.example.dogglers/.MainActivity }, activity.getIntent()=Intent { cmp=com.example.dogglers/.VerticalListActivity }, activity=com.example.dogglers.VerticalListActivity@7f1f13d
09-15 08:52:14.254   361   442 D goldfish-address-space: claimShared: Ask to claim region [0x3f6690000 0x3f7034000]
09-15 08:52:14.255   361   442 D goldfish-address-space: claimShared: Ask to claim region [0x3f7034000 0x3f79d8000]
09-15 08:52:14.256   361   442 D goldfish-address-space: claimShared: Ask to claim region [0x3f8000000 0x3f89a4000]
09-15 08:52:14.322   568   611 I ActivityTaskManager: Displayed com.example.dogglers/.VerticalListActivity: +137ms
09-15 08:52:14.346  1488  1488 I GoogleInputMethodService: GoogleInputMethodService.onFinishInput():3420
09-15 08:52:14.347  1488  1488 I GoogleInputMethodService: GoogleInputMethodService.onStartInput():2002
09-15 08:52:14.348  1488  1488 I DeviceUnlockedTag: DeviceUnlockedTag.notifyDeviceLockStatusChanged():31 Notify device unlocked.
09-15 08:52:14.362   568   605 W InputManager-JNI: Input channel object '760b497 Splash Screen com.example.dogglers (client)' was disposed without first being removed with the input manager!
09-15 08:52:14.371 11044 11044 D LifecycleMonitor: Lifecycle status change: androidx.test.core.app.InstrumentationActivityInvoker$BootstrapActivity@320daf3 in: STOPPED
09-15 08:52:14.371 11044 11044 V ActivityScenario: Activity lifecycle changed event received but ignored because the intent does not match. startActivityIntent=Intent { act=android.intent.action.MAIN cat=[android.intent.category.LAUNCHER] cmp=com.example.dogglers/.MainActivity }, activity.getIntent()=Intent { act=android.intent.action.MAIN cat=[android.intent.category.LAUNCHER] flg=0x10008000 cmp=com.example.dogglers/androidx.test.core.app.InstrumentationActivityInvoker$BootstrapActivity (has extras) }, activity=androidx.test.core.app.InstrumentationActivityInvoker$BootstrapActivity@320daf3
09-15 08:52:14.426   849   941 D EGL_emulation: app_time_stats: avg=45.72ms min=12.37ms max=483.40ms count=22
09-15 08:52:14.588 11044 11044 I ViewInteraction: Checking 'MatchesViewAssertion{viewMatcher=(view has effective visibility <VISIBLE> and view.getGlobalVisibleRect() to return non-empty rectangle)}' assertion on view view.getId() is <2131231206/com.example.dogglers:id/vertical_recycler_view>
09-15 08:52:14.614 11044 11044 D LifecycleMonitor: Lifecycle status change: com.example.dogglers.VerticalListActivity@7f1f13d in: PAUSED
09-15 08:52:14.617 11044 11044 V ActivityScenario: Activity lifecycle changed event received but ignored because the intent does not match. startActivityIntent=Intent { act=android.intent.action.MAIN cat=[android.intent.category.LAUNCHER] cmp=com.example.dogglers/.MainActivity }, activity.getIntent()=Intent { cmp=com.example.dogglers/.VerticalListActivity }, activity=com.example.dogglers.VerticalListActivity@7f1f13d
09-15 08:52:14.634 11044 11044 D LifecycleMonitor: Lifecycle status change: androidx.test.core.app.InstrumentationActivityInvoker$EmptyActivity@667ebb4 in: PRE_ON_CREATE
09-15 08:52:14.636 11044 11044 V ActivityScenario: Activity lifecycle changed event received but ignored because the intent does not match. startActivityIntent=Intent { act=android.intent.action.MAIN cat=[android.intent.category.LAUNCHER] cmp=com.example.dogglers/.MainActivity }, activity.getIntent()=Intent { act=android.intent.action.MAIN cat=[android.intent.category.LAUNCHER] flg=0x10000000 cmp=com.example.dogglers/androidx.test.core.app.InstrumentationActivityInvoker$EmptyActivity }, activity=androidx.test.core.app.InstrumentationActivityInvoker$EmptyActivity@667ebb4
09-15 08:52:14.650 11044 11044 D LifecycleMonitor: Lifecycle status change: androidx.test.core.app.InstrumentationActivityInvoker$EmptyActivity@667ebb4 in: CREATED
09-15 08:52:14.651 11044 11044 V ActivityScenario: Activity lifecycle changed event received but ignored because the intent does not match. startActivityIntent=Intent { act=android.intent.action.MAIN cat=[android.intent.category.LAUNCHER] cmp=com.example.dogglers/.MainActivity }, activity.getIntent()=Intent { act=android.intent.action.MAIN cat=[android.intent.category.LAUNCHER] flg=0x10000000 cmp=com.example.dogglers/androidx.test.core.app.InstrumentationActivityInvoker$EmptyActivity }, activity=androidx.test.core.app.InstrumentationActivityInvoker$EmptyActivity@667ebb4
09-15 08:52:14.653 11044 11044 D LifecycleMonitor: Lifecycle status change: androidx.test.core.app.InstrumentationActivityInvoker$EmptyActivity@667ebb4 in: STARTED
09-15 08:52:14.653 11044 11044 V ActivityScenario: Activity lifecycle changed event received but ignored because the intent does not match. startActivityIntent=Intent { act=android.intent.action.MAIN cat=[android.intent.category.LAUNCHER] cmp=com.example.dogglers/.MainActivity }, activity.getIntent()=Intent { act=android.intent.action.MAIN cat=[android.intent.category.LAUNCHER] flg=0x10000000 cmp=com.example.dogglers/androidx.test.core.app.InstrumentationActivityInvoker$EmptyActivity }, activity=androidx.test.core.app.InstrumentationActivityInvoker$EmptyActivity@667ebb4
09-15 08:52:14.655 11044 11044 D LifecycleMonitor: Lifecycle status change: androidx.test.core.app.InstrumentationActivityInvoker$EmptyActivity@667ebb4 in: RESUMED
09-15 08:52:14.655 11044 11044 V ActivityScenario: Activity lifecycle changed event received but ignored because the intent does not match. startActivityIntent=Intent { act=android.intent.action.MAIN cat=[android.intent.category.LAUNCHER] cmp=com.example.dogglers/.MainActivity }, activity.getIntent()=Intent { act=android.intent.action.MAIN cat=[android.intent.category.LAUNCHER] flg=0x10000000 cmp=com.example.dogglers/androidx.test.core.app.InstrumentationActivityInvoker$EmptyActivity }, activity=androidx.test.core.app.InstrumentationActivityInvoker$EmptyActivity@667ebb4
09-15 08:52:14.685   361   442 D goldfish-address-space: claimShared: Ask to claim region [0x3ec000000 0x3ec9a4000]
09-15 08:52:14.687   361   442 D goldfish-address-space: claimShared: Ask to claim region [0x3ec9a4000 0x3ed348000]
09-15 08:52:14.688   361   443 D goldfish-address-space: claimShared: Ask to claim region [0x3f2cbc000 0x3f3660000]
09-15 08:52:14.700   568   611 I ActivityTaskManager: Displayed com.example.dogglers/androidx.test.core.app.InstrumentationActivityInvoker$EmptyActivity: +100ms
09-15 08:52:14.715 11044 11044 D LifecycleMonitor: Lifecycle status change: androidx.test.core.app.InstrumentationActivityInvoker$EmptyActivity@667ebb4 in: PAUSED
09-15 08:52:14.715 11044 11044 V ActivityScenario: Activity lifecycle changed event received but ignored because the intent does not match. startActivityIntent=Intent { act=android.intent.action.MAIN cat=[android.intent.category.LAUNCHER] cmp=com.example.dogglers/.MainActivity }, activity.getIntent()=Intent { act=android.intent.action.MAIN cat=[android.intent.category.LAUNCHER] flg=0x10000000 cmp=com.example.dogglers/androidx.test.core.app.InstrumentationActivityInvoker$EmptyActivity }, activity=androidx.test.core.app.InstrumentationActivityInvoker$EmptyActivity@667ebb4
09-15 08:52:14.731 11044 11044 D LifecycleMonitor: Lifecycle status change: androidx.test.core.app.InstrumentationActivityInvoker$BootstrapActivity@320daf3 in: DESTROYED
09-15 08:52:14.732 11044 11044 V ActivityScenario: Activity lifecycle changed event received but ignored because the intent does not match. startActivityIntent=Intent { act=android.intent.action.MAIN cat=[android.intent.category.LAUNCHER] cmp=com.example.dogglers/.MainActivity }, activity.getIntent()=Intent { act=android.intent.action.MAIN cat=[android.intent.category.LAUNCHER] flg=0x10008000 cmp=com.example.dogglers/androidx.test.core.app.InstrumentationActivityInvoker$BootstrapActivity (has extras) }, activity=androidx.test.core.app.InstrumentationActivityInvoker$BootstrapActivity@320daf3
09-15 08:52:14.738 11044 11044 D LifecycleMonitor: Lifecycle status change: androidx.test.core.app.InstrumentationActivityInvoker$EmptyActivity@864597f in: PRE_ON_CREATE
09-15 08:52:14.738 11044 11044 V ActivityScenario: Activity lifecycle changed event received but ignored because the intent does not match. startActivityIntent=Intent { act=android.intent.action.MAIN cat=[android.intent.category.LAUNCHER] cmp=com.example.dogglers/.MainActivity }, activity.getIntent()=Intent { act=android.intent.action.MAIN cat=[android.intent.category.LAUNCHER] flg=0x10000000 cmp=com.example.dogglers/androidx.test.core.app.InstrumentationActivityInvoker$EmptyActivity }, activity=androidx.test.core.app.InstrumentationActivityInvoker$EmptyActivity@864597f
09-15 08:52:14.745 11044 11044 D LifecycleMonitor: Lifecycle status change: androidx.test.core.app.InstrumentationActivityInvoker$EmptyActivity@864597f in: CREATED
09-15 08:52:14.746 11044 11044 V ActivityScenario: Activity lifecycle changed event received but ignored because the intent does not match. startActivityIntent=Intent { act=android.intent.action.MAIN cat=[android.intent.category.LAUNCHER] cmp=com.example.dogglers/.MainActivity }, activity.getIntent()=Intent { act=android.intent.action.MAIN cat=[android.intent.category.LAUNCHER] flg=0x10000000 cmp=com.example.dogglers/androidx.test.core.app.InstrumentationActivityInvoker$EmptyActivity }, activity=androidx.test.core.app.InstrumentationActivityInvoker$EmptyActivity@864597f
09-15 08:52:14.748 11044 11044 D LifecycleMonitor: Lifecycle status change: androidx.test.core.app.InstrumentationActivityInvoker$EmptyActivity@864597f in: STARTED
09-15 08:52:14.749 11044 11044 V ActivityScenario: Activity lifecycle changed event received but ignored because the intent does not match. startActivityIntent=Intent { act=android.intent.action.MAIN cat=[android.intent.category.LAUNCHER] cmp=com.example.dogglers/.MainActivity }, activity.getIntent()=Intent { act=android.intent.action.MAIN cat=[android.intent.category.LAUNCHER] flg=0x10000000 cmp=com.example.dogglers/androidx.test.core.app.InstrumentationActivityInvoker$EmptyActivity }, activity=androidx.test.core.app.InstrumentationActivityInvoker$EmptyActivity@864597f
09-15 08:52:14.750 11044 11044 D LifecycleMonitor: Lifecycle status change: androidx.test.core.app.InstrumentationActivityInvoker$EmptyActivity@864597f in: RESUMED
09-15 08:52:14.751 11044 11044 V ActivityScenario: Activity lifecycle changed event received but ignored because the intent does not match. startActivityIntent=Intent { act=android.intent.action.MAIN cat=[android.intent.category.LAUNCHER] cmp=com.example.dogglers/.MainActivity }, activity.getIntent()=Intent { act=android.intent.action.MAIN cat=[android.intent.category.LAUNCHER] flg=0x10000000 cmp=com.example.dogglers/androidx.test.core.app.InstrumentationActivityInvoker$EmptyActivity }, activity=androidx.test.core.app.InstrumentationActivityInvoker$EmptyActivity@864597f
09-15 08:52:14.764   361   443 D goldfish-address-space: claimShared: Ask to claim region [0x3ed974000 0x3ee318000]
09-15 08:52:14.765   361   442 D goldfish-address-space: claimShared: Ask to claim region [0x3f0000000 0x3f09a4000]
09-15 08:52:14.765   361   442 D goldfish-address-space: claimShared: Ask to claim region [0x3f09a4000 0x3f1348000]
09-15 08:52:14.772 11044 11067 D OpenGLRenderer: endAllActiveAnimators on 0x76eae4201a40 (RippleDrawable) with handle 0x76e9f41d0c20
09-15 08:52:14.781   568   611 I ActivityTaskManager: Displayed com.example.dogglers/androidx.test.core.app.InstrumentationActivityInvoker$EmptyActivity: +76ms
09-15 08:52:14.783 11044 11044 D LifecycleMonitor: Lifecycle status change: androidx.test.core.app.InstrumentationActivityInvoker$EmptyActivity@667ebb4 in: STOPPED
09-15 08:52:14.783 11044 11044 V ActivityScenario: Activity lifecycle changed event received but ignored because the intent does not match. startActivityIntent=Intent { act=android.intent.action.MAIN cat=[android.intent.category.LAUNCHER] cmp=com.example.dogglers/.MainActivity }, activity.getIntent()=Intent { act=android.intent.action.MAIN cat=[android.intent.category.LAUNCHER] flg=0x10000000 cmp=com.example.dogglers/androidx.test.core.app.InstrumentationActivityInvoker$EmptyActivity }, activity=androidx.test.core.app.InstrumentationActivityInvoker$EmptyActivity@667ebb4
09-15 08:52:14.784 11044 11044 D LifecycleMonitor: Lifecycle status change: com.example.dogglers.VerticalListActivity@7f1f13d in: STOPPED
09-15 08:52:14.784 11044 11044 V ActivityScenario: Activity lifecycle changed event received but ignored because the intent does not match. startActivityIntent=Intent { act=android.intent.action.MAIN cat=[android.intent.category.LAUNCHER] cmp=com.example.dogglers/.MainActivity }, activity.getIntent()=Intent { cmp=com.example.dogglers/.VerticalListActivity }, activity=com.example.dogglers.VerticalListActivity@7f1f13d
09-15 08:52:14.786 11044 11044 D LifecycleMonitor: Lifecycle status change: com.example.dogglers.MainActivity@950a7e5 in: STOPPED
09-15 08:52:14.786 11044 11044 V ActivityScenario: Update currentActivityStage to STOPPED, currentActivity=com.example.dogglers.MainActivity@950a7e5
09-15 08:52:14.787 11044 11044 D LifecycleMonitor: Lifecycle status change: com.example.dogglers.MainActivity@950a7e5 in: DESTROYED
09-15 08:52:14.787 11044 11044 V ActivityScenario: Update currentActivityStage to DESTROYED, currentActivity=null
09-15 08:52:14.788   568  2086 W InputManager-JNI: Input channel object 'd4f57aa com.example.dogglers/com.example.dogglers.MainActivity (client)' was disposed without first being removed with the input manager!
09-15 08:52:14.801   361   442 D goldfish-address-space: claimShared: Ask to claim region [0x3ec9a4000 0x3ecfd0000]
09-15 08:52:14.814  1488  1488 I GoogleInputMethodService: GoogleInputMethodService.onFinishInput():3420
09-15 08:52:14.815  1488  1488 I GoogleInputMethodService: GoogleInputMethodService.onStartInput():2002
09-15 08:52:14.815  1488  1488 I DeviceUnlockedTag: DeviceUnlockedTag.notifyDeviceLockStatusChanged():31 Notify device unlocked.
09-15 08:52:14.816 11044 11044 D LifecycleMonitor: Lifecycle status change: androidx.test.core.app.InstrumentationActivityInvoker$EmptyActivity@667ebb4 in: DESTROYED
09-15 08:52:14.816 11044 11044 V ActivityScenario: Activity lifecycle changed event received but ignored because the intent does not match. startActivityIntent=Intent { act=android.intent.action.MAIN cat=[android.intent.category.LAUNCHER] cmp=com.example.dogglers/.MainActivity }, activity.getIntent()=Intent { act=android.intent.action.MAIN cat=[android.intent.category.LAUNCHER] flg=0x10000000 cmp=com.example.dogglers/androidx.test.core.app.InstrumentationActivityInvoker$EmptyActivity }, activity=androidx.test.core.app.InstrumentationActivityInvoker$EmptyActivity@667ebb4
09-15 08:52:14.817   568   605 W InputManager-JNI: Input channel object '3a65a5e com.example.dogglers/androidx.test.core.app.InstrumentationActivityInvoker$EmptyActivity (client)' was disposed without first being removed with the input manager!
09-15 08:52:14.819 11044 11044 D LifecycleMonitor: Lifecycle status change: androidx.test.core.app.InstrumentationActivityInvoker$EmptyActivity@864597f in: PAUSED
09-15 08:52:14.819 11044 11044 V ActivityScenario: Activity lifecycle changed event received but ignored because the intent does not match. startActivityIntent=Intent { act=android.intent.action.MAIN cat=[android.intent.category.LAUNCHER] cmp=com.example.dogglers/.MainActivity }, activity.getIntent()=Intent { act=android.intent.action.MAIN cat=[android.intent.category.LAUNCHER] flg=0x10000000 cmp=com.example.dogglers/androidx.test.core.app.InstrumentationActivityInvoker$EmptyActivity }, activity=androidx.test.core.app.InstrumentationActivityInvoker$EmptyActivity@864597f
09-15 08:52:14.822 11044 11044 D LifecycleMonitor: Lifecycle status change: com.example.dogglers.VerticalListActivity@7f1f13d in: RESTARTED
09-15 08:52:14.822 11044 11044 V ActivityScenario: Activity lifecycle changed event received but ignored because the intent does not match. startActivityIntent=Intent { act=android.intent.action.MAIN cat=[android.intent.category.LAUNCHER] cmp=com.example.dogglers/.MainActivity }, activity.getIntent()=Intent { cmp=com.example.dogglers/.VerticalListActivity }, activity=com.example.dogglers.VerticalListActivity@7f1f13d
09-15 08:52:14.823 11044 11044 D LifecycleMonitor: Lifecycle status change: com.example.dogglers.VerticalListActivity@7f1f13d in: STARTED
09-15 08:52:14.823 11044 11044 V ActivityScenario: Activity lifecycle changed event received but ignored because the intent does not match. startActivityIntent=Intent { act=android.intent.action.MAIN cat=[android.intent.category.LAUNCHER] cmp=com.example.dogglers/.MainActivity }, activity.getIntent()=Intent { cmp=com.example.dogglers/.VerticalListActivity }, activity=com.example.dogglers.VerticalListActivity@7f1f13d
09-15 08:52:14.823 11044 11044 D LifecycleMonitor: Lifecycle status change: com.example.dogglers.VerticalListActivity@7f1f13d in: RESUMED
09-15 08:52:14.824 11044 11044 V ActivityScenario: Activity lifecycle changed event received but ignored because the intent does not match. startActivityIntent=Intent { act=android.intent.action.MAIN cat=[android.intent.category.LAUNCHER] cmp=com.example.dogglers/.MainActivity }, activity.getIntent()=Intent { cmp=com.example.dogglers/.VerticalListActivity }, activity=com.example.dogglers.VerticalListActivity@7f1f13d
09-15 08:52:14.834   361   442 D goldfish-address-space: claimShared: Ask to claim region [0x3ec000000 0x3ec9a4000]
09-15 08:52:14.836   361   442 D goldfish-address-space: claimShared: Ask to claim region [0x3f1348000 0x3f1cec000]
09-15 08:52:14.836   361   442 D goldfish-address-space: claimShared: Ask to claim region [0x3f2cbc000 0x3f3660000]
09-15 08:52:14.855 11044 11065 I TestRunner: finished: clicking_vertical_list_button_displays_vertical_list(com.example.dogglers.ButtonTests)
