09-15 08:52:20.756 11044 11065 I TestRunner: started: grid_list_content_at_last_position(com.example.dogglers.GridListTests)
09-15 08:52:20.767 11044 11065 W Settings: Setting always_finish_activities has moved from android.provider.Settings.System to android.provider.Settings.Global, returning read-only value.
09-15 08:52:20.780   849   936 D SplashScreenView: Build android.window.SplashScreenView{553f749 V.E...... ......ID 0,0-0,0}
09-15 08:52:20.780   849   936 D SplashScreenView: Icon: view: null drawable: null size: 0
09-15 08:52:20.780   849   936 D SplashScreenView: Branding: view: android.view.View{58eb84e G.ED..... ......I. 0,0-0,0 #10204a6 android:id/splashscreen_branding_view} drawable: null size w: 0 h: 0
09-15 08:52:20.794 11044 11044 D LifecycleMonitor: Lifecycle status change: androidx.test.core.app.InstrumentationActivityInvoker$BootstrapActivity@eeedf05 in: PRE_ON_CREATE
09-15 08:52:20.794 11044 11044 V ActivityScenario: Activity lifecycle changed event received but ignored because the intent does not match. startActivityIntent=Intent { act=android.intent.action.MAIN cat=[android.intent.category.LAUNCHER] cmp=com.example.dogglers/.GridListActivity }, activity.getIntent()=Intent { act=android.intent.action.MAIN cat=[android.intent.category.LAUNCHER] flg=0x10008000 cmp=com.example.dogglers/androidx.test.core.app.InstrumentationActivityInvoker$BootstrapActivity (has extras) }, activity=androidx.test.core.app.InstrumentationActivityInvoker$BootstrapActivity@eeedf05
09-15 08:52:20.802 11044 11044 D LifecycleMonitor: Lifecycle status change: androidx.test.core.app.InstrumentationActivityInvoker$BootstrapActivity@eeedf05 in: CREATED
09-15 08:52:20.802 11044 11044 V ActivityScenario: Activity lifecycle changed event received but ignored because the intent does not match. startActivityIntent=Intent { act=android.intent.action.MAIN cat=[android.intent.category.LAUNCHER] cmp=com.example.dogglers/.GridListActivity }, activity.getIntent()=Intent { act=android.intent.action.MAIN cat=[android.intent.category.LAUNCHER] flg=0x10008000 cmp=com.example.dogglers/androidx.test.core.app.InstrumentationActivityInvoker$BootstrapActivity (has extras) }, activity=androidx.test.core.app.InstrumentationActivityInvoker$BootstrapActivity@eeedf05
09-15 08:52:20.805 11044 11044 D LifecycleMonitor: Lifecycle status change: androidx.test.core.app.InstrumentationActivityInvoker$BootstrapActivity@eeedf05 in: STARTED
09-15 08:52:20.805 11044 11044 V ActivityScenario: Activity lifecycle changed event received but ignored because the intent does not match. startActivityIntent=Intent { act=android.intent.action.MAIN cat=[android.intent.category.LAUNCHER] cmp=com.example.dogglers/.GridListActivity }, activity.getIntent()=Intent { act=android.intent.action.MAIN cat=[android.intent.category.LAUNCHER] flg=0x10008000 cmp=com.example.dogglers/androidx.test.core.app.InstrumentationActivityInvoker$BootstrapActivity (has extras) }, activity=androidx.test.core.app.InstrumentationActivityInvoker$BootstrapActivity@eeedf05
09-15 08:52:20.806   361   443 D goldfish-address-space: claimShared: Ask to claim region [0x3ee944000 0x3ef2e8000]
09-15 08:52:20.808   361   443 D goldfish-address-space: claimShared: Ask to claim region [0x3f0000000 0x3f09a4000]
09-15 08:52:20.811   361   361 D goldfish-address-space: claimShared: Ask to claim region [0x3f1348000 0x3f1cec000]
09-15 08:52:20.811 11044 11044 D LifecycleMonitor: Lifecycle status change: androidx.test.core.app.InstrumentationActivityInvoker$BootstrapActivity@eeedf05 in: RESUMED
09-15 08:52:20.814 11044 11044 V ActivityScenario: Activity lifecycle changed event received but ignored because the intent does not match. startActivityIntent=Intent { act=android.intent.action.MAIN cat=[android.intent.category.LAUNCHER] cmp=com.example.dogglers/.GridListActivity }, activity.getIntent()=Intent { act=android.intent.action.MAIN cat=[android.intent.category.LAUNCHER] flg=0x10008000 cmp=com.example.dogglers/androidx.test.core.app.InstrumentationActivityInvoker$BootstrapActivity (has extras) }, activity=androidx.test.core.app.InstrumentationActivityInvoker$BootstrapActivity@eeedf05
09-15 08:52:20.818 11044 11044 D LifecycleMonitor: Lifecycle status change: androidx.test.core.app.InstrumentationActivityInvoker$BootstrapActivity@eeedf05 in: PAUSED
09-15 08:52:20.818 11044 11044 V ActivityScenario: Activity lifecycle changed event received but ignored because the intent does not match. startActivityIntent=Intent { act=android.intent.action.MAIN cat=[android.intent.category.LAUNCHER] cmp=com.example.dogglers/.GridListActivity }, activity.getIntent()=Intent { act=android.intent.action.MAIN cat=[android.intent.category.LAUNCHER] flg=0x10008000 cmp=com.example.dogglers/androidx.test.core.app.InstrumentationActivityInvoker$BootstrapActivity (has extras) }, activity=androidx.test.core.app.InstrumentationActivityInvoker$BootstrapActivity@eeedf05
09-15 08:52:20.825   849   941 D EGL_emulation: app_time_stats: avg=14.45ms min=1.00ms max=407.34ms count=47
09-15 08:52:20.831  2701  2701 I A       : onApplyWindowInsets: systemWindowInsets=Insets{left=0, top=145, right=0, bottom=132}
09-15 08:52:20.832  2701  2701 I A       : onApplyWindowInsets: Adjusting for display cutouts. Safe insets: left=0, top=136, right=0, bottom=0
09-15 08:52:20.832  2701  2701 I A       : onApplyWindowInsets: systemWindowInsets=Insets{left=0, top=145, right=0, bottom=132}
09-15 08:52:20.834 11044 11044 D LifecycleMonitor: Lifecycle status change: com.example.dogglers.GridListActivity@d8cbb67 in: PRE_ON_CREATE
09-15 08:52:20.834 11044 11044 V ActivityScenario: Activity lifecycle changed event received but ignored because the reported transition was not ON_CREATE while the last known transition was PRE_ON_CREATE
09-15 08:52:20.846  2819  2819 I GsaVoiceInteractionSrv: Handling ACTION_STOP_HOTWORD
09-15 08:52:20.847  2819  2819 E HwDetectorWithState: a: 3
09-15 08:52:20.852 11044 11044 D LifecycleMonitor: Lifecycle status change: com.example.dogglers.GridListActivity@d8cbb67 in: CREATED
09-15 08:52:20.853 11044 11044 V ActivityScenario: Update currentActivityStage to CREATED, currentActivity=com.example.dogglers.GridListActivity@d8cbb67
09-15 08:52:20.854 11044 11044 D LifecycleMonitor: Lifecycle status change: com.example.dogglers.GridListActivity@d8cbb67 in: STARTED
09-15 08:52:20.854 11044 11044 V ActivityScenario: Update currentActivityStage to STARTED, currentActivity=com.example.dogglers.GridListActivity@d8cbb67
09-15 08:52:20.856 11044 11044 D LifecycleMonitor: Lifecycle status change: com.example.dogglers.GridListActivity@d8cbb67 in: RESUMED
09-15 08:52:20.856 11044 11044 V ActivityScenario: Update currentActivityStage to RESUMED, currentActivity=com.example.dogglers.GridListActivity@d8cbb67
09-15 08:52:20.884   361   361 D goldfish-address-space: claimShared: Ask to claim region [0x3ec000000 0x3ec9a4000]
09-15 08:52:20.886   361   361 D goldfish-address-space: claimShared: Ask to claim region [0x3edfa0000 0x3ee944000]
09-15 08:52:20.887   361   361 D goldfish-address-space: claimShared: Ask to claim region [0x3f09a4000 0x3f1348000]
09-15 08:52:20.946 11044 11044 D RootViewPicker: Root not ready - waiting: 10ms for one to appear.
09-15 08:52:20.957 11044 11044 D RootViewPicker: Root not ready - waiting: 25ms for one to appear.
09-15 08:52:20.968  1488  1488 I GoogleInputMethodService: GoogleInputMethodService.onFinishInput():3420
09-15 08:52:20.969  1488  1488 I GoogleInputMethodService: GoogleInputMethodService.onStartInput():2002
09-15 08:52:20.970  1488  1488 I DeviceUnlockedTag: DeviceUnlockedTag.notifyDeviceLockStatusChanged():31 Notify device unlocked.
09-15 08:52:20.993 11044 11044 I ViewInteraction: Performing 'scroll RecyclerView to position: 5' action on view view.getId() is <2131230936/com.example.dogglers:id/grid_recycler_view>
09-15 08:52:21.019 11044 11044 I ViewInteraction: Checking 'MatchesViewAssertion{viewMatcher=(view has effective visibility <VISIBLE> and view.getGlobalVisibleRect() to return non-empty rectangle)}' assertion on view an instance of android.widget.TextView and view.getText() with or without transformation to match: is "Bella"
09-15 08:52:21.035 11044 11044 D LifecycleMonitor: Lifecycle status change: com.example.dogglers.GridListActivity@d8cbb67 in: PAUSED
09-15 08:52:21.035 11044 11044 V ActivityScenario: Update currentActivityStage to PAUSED, currentActivity=com.example.dogglers.GridListActivity@d8cbb67
09-15 08:52:21.044 11044 11044 D LifecycleMonitor: Lifecycle status change: androidx.test.core.app.InstrumentationActivityInvoker$EmptyActivity@5c614c4 in: PRE_ON_CREATE
09-15 08:52:21.047 11044 11044 V ActivityScenario: Activity lifecycle changed event received but ignored because the intent does not match. startActivityIntent=Intent { act=android.intent.action.MAIN cat=[android.intent.category.LAUNCHER] cmp=com.example.dogglers/.GridListActivity }, activity.getIntent()=Intent { act=android.intent.action.MAIN cat=[android.intent.category.LAUNCHER] flg=0x10000000 cmp=com.example.dogglers/androidx.test.core.app.InstrumentationActivityInvoker$EmptyActivity }, activity=androidx.test.core.app.InstrumentationActivityInvoker$EmptyActivity@5c614c4
09-15 08:52:21.053 11044 11044 D LifecycleMonitor: Lifecycle status change: androidx.test.core.app.InstrumentationActivityInvoker$EmptyActivity@5c614c4 in: CREATED
09-15 08:52:21.053 11044 11044 V ActivityScenario: Activity lifecycle changed event received but ignored because the intent does not match. startActivityIntent=Intent { act=android.intent.action.MAIN cat=[android.intent.category.LAUNCHER] cmp=com.example.dogglers/.GridListActivity }, activity.getIntent()=Intent { act=android.intent.action.MAIN cat=[android.intent.category.LAUNCHER] flg=0x10000000 cmp=com.example.dogglers/androidx.test.core.app.InstrumentationActivityInvoker$EmptyActivity }, activity=androidx.test.core.app.InstrumentationActivityInvoker$EmptyActivity@5c614c4
09-15 08:52:21.054 11044 11044 D LifecycleMonitor: Lifecycle status change: androidx.test.core.app.InstrumentationActivityInvoker$EmptyActivity@5c614c4 in: STARTED
09-15 08:52:21.055 11044 11044 V ActivityScenario: Activity lifecycle changed event received but ignored because the intent does not match. startActivityIntent=Intent { act=android.intent.action.MAIN cat=[android.intent.category.LAUNCHER] cmp=com.example.dogglers/.GridListActivity }, activity.getIntent()=Intent { act=android.intent.action.MAIN cat=[android.intent.category.LAUNCHER] flg=0x10000000 cmp=com.example.dogglers/androidx.test.core.app.InstrumentationActivityInvoker$EmptyActivity }, activity=androidx.test.core.app.InstrumentationActivityInvoker$EmptyActivity@5c614c4
09-15 08:52:21.056 11044 11044 D LifecycleMonitor: Lifecycle status change: androidx.test.core.app.InstrumentationActivityInvoker$EmptyActivity@5c614c4 in: RESUMED
09-15 08:52:21.057 11044 11044 V ActivityScenario: Activity lifecycle changed event received but ignored because the intent does not match. startActivityIntent=Intent { act=android.intent.action.MAIN cat=[android.intent.category.LAUNCHER] cmp=com.example.dogglers/.GridListActivity }, activity.getIntent()=Intent { act=android.intent.action.MAIN cat=[android.intent.category.LAUNCHER] flg=0x10000000 cmp=com.example.dogglers/androidx.test.core.app.InstrumentationActivityInvoker$EmptyActivity }, activity=androidx.test.core.app.InstrumentationActivityInvoker$EmptyActivity@5c614c4
09-15 08:52:21.070   361   361 D goldfish-address-space: claimShared: Ask to claim region [0x3f2318000 0x3f2cbc000]
09-15 08:52:21.071   361   361 D goldfish-address-space: claimShared: Ask to claim region [0x3f4000000 0x3f49a4000]
09-15 08:52:21.072   361   361 D goldfish-address-space: claimShared: Ask to claim region [0x3f5cec000 0x3f6690000]
09-15 08:52:21.086   568   611 I ActivityTaskManager: Displayed com.example.dogglers/androidx.test.core.app.InstrumentationActivityInvoker$EmptyActivity: +312ms
09-15 08:52:21.104  1488  1488 I GoogleInputMethodService: GoogleInputMethodService.onFinishInput():3420
09-15 08:52:21.104  1488  1488 I GoogleInputMethodService: GoogleInputMethodService.onStartInput():2002
09-15 08:52:21.104  1488  1488 I DeviceUnlockedTag: DeviceUnlockedTag.notifyDeviceLockStatusChanged():31 Notify device unlocked.
09-15 08:52:21.106 11044 11044 D LifecycleMonitor: Lifecycle status change: androidx.test.core.app.InstrumentationActivityInvoker$EmptyActivity@5c614c4 in: PAUSED
09-15 08:52:21.106 11044 11044 V ActivityScenario: Activity lifecycle changed event received but ignored because the intent does not match. startActivityIntent=Intent { act=android.intent.action.MAIN cat=[android.intent.category.LAUNCHER] cmp=com.example.dogglers/.GridListActivity }, activity.getIntent()=Intent { act=android.intent.action.MAIN cat=[android.intent.category.LAUNCHER] flg=0x10000000 cmp=com.example.dogglers/androidx.test.core.app.InstrumentationActivityInvoker$EmptyActivity }, activity=androidx.test.core.app.InstrumentationActivityInvoker$EmptyActivity@5c614c4
09-15 08:52:21.118 11044 11044 D LifecycleMonitor: Lifecycle status change: androidx.test.core.app.InstrumentationActivityInvoker$EmptyActivity@cdb56cf in: PRE_ON_CREATE
09-15 08:52:21.119 11044 11044 V ActivityScenario: Activity lifecycle changed event received but ignored because the intent does not match. startActivityIntent=Intent { act=android.intent.action.MAIN cat=[android.intent.category.LAUNCHER] cmp=com.example.dogglers/.GridListActivity }, activity.getIntent()=Intent { act=android.intent.action.MAIN cat=[android.intent.category.LAUNCHER] flg=0x10000000 cmp=com.example.dogglers/androidx.test.core.app.InstrumentationActivityInvoker$EmptyActivity }, activity=androidx.test.core.app.InstrumentationActivityInvoker$EmptyActivity@cdb56cf
09-15 08:52:21.122 11044 11044 D LifecycleMonitor: Lifecycle status change: androidx.test.core.app.InstrumentationActivityInvoker$EmptyActivity@cdb56cf in: CREATED
09-15 08:52:21.122 11044 11044 V ActivityScenario: Activity lifecycle changed event received but ignored because the intent does not match. startActivityIntent=Intent { act=android.intent.action.MAIN cat=[android.intent.category.LAUNCHER] cmp=com.example.dogglers/.GridListActivity }, activity.getIntent()=Intent { act=android.intent.action.MAIN cat=[android.intent.category.LAUNCHER] flg=0x10000000 cmp=com.example.dogglers/androidx.test.core.app.InstrumentationActivityInvoker$EmptyActivity }, activity=androidx.test.core.app.InstrumentationActivityInvoker$EmptyActivity@cdb56cf
09-15 08:52:21.123 11044 11044 D LifecycleMonitor: Lifecycle status change: androidx.test.core.app.InstrumentationActivityInvoker$EmptyActivity@cdb56cf in: STARTED
09-15 08:52:21.124 11044 11044 V ActivityScenario: Activity lifecycle changed event received but ignored because the intent does not match. startActivityIntent=Intent { act=android.intent.action.MAIN cat=[android.intent.category.LAUNCHER] cmp=com.example.dogglers/.GridListActivity }, activity.getIntent()=Intent { act=android.intent.action.MAIN cat=[android.intent.category.LAUNCHER] flg=0x10000000 cmp=com.example.dogglers/androidx.test.core.app.InstrumentationActivityInvoker$EmptyActivity }, activity=androidx.test.core.app.InstrumentationActivityInvoker$EmptyActivity@cdb56cf
09-15 08:52:21.127 11044 11044 D LifecycleMonitor: Lifecycle status change: androidx.test.core.app.InstrumentationActivityInvoker$EmptyActivity@cdb56cf in: RESUMED
09-15 08:52:21.128 11044 11044 V ActivityScenario: Activity lifecycle changed event received but ignored because the intent does not match. startActivityIntent=Intent { act=android.intent.action.MAIN cat=[android.intent.category.LAUNCHER] cmp=com.example.dogglers/.GridListActivity }, activity.getIntent()=Intent { act=android.intent.action.MAIN cat=[android.intent.category.LAUNCHER] flg=0x10000000 cmp=com.example.dogglers/androidx.test.core.app.InstrumentationActivityInvoker$EmptyActivity }, activity=androidx.test.core.app.InstrumentationActivityInvoker$EmptyActivity@cdb56cf
09-15 08:52:21.139   361   361 D goldfish-address-space: claimShared: Ask to claim region [0x3f6690000 0x3f7034000]
09-15 08:52:21.140   361   361 D goldfish-address-space: claimShared: Ask to claim region [0x3f8000000 0x3f89a4000]
09-15 08:52:21.142   361   361 D goldfish-address-space: claimShared: Ask to claim region [0x3f89a4000 0x3f9348000]
09-15 08:52:21.156   568   611 I ActivityTaskManager: Displayed com.example.dogglers/androidx.test.core.app.InstrumentationActivityInvoker$EmptyActivity: +63ms
09-15 08:52:21.172 11044 11044 D LifecycleMonitor: Lifecycle status change: androidx.test.core.app.InstrumentationActivityInvoker$EmptyActivity@5c614c4 in: STOPPED
09-15 08:52:21.173 11044 11044 V ActivityScenario: Activity lifecycle changed event received but ignored because the intent does not match. startActivityIntent=Intent { act=android.intent.action.MAIN cat=[android.intent.category.LAUNCHER] cmp=com.example.dogglers/.GridListActivity }, activity.getIntent()=Intent { act=android.intent.action.MAIN cat=[android.intent.category.LAUNCHER] flg=0x10000000 cmp=com.example.dogglers/androidx.test.core.app.InstrumentationActivityInvoker$EmptyActivity }, activity=androidx.test.core.app.InstrumentationActivityInvoker$EmptyActivity@5c614c4
09-15 08:52:21.186   361   361 D goldfish-address-space: claimShared: Ask to claim region [0x3ef2e8000 0x3ef914000]
09-15 08:52:21.204 11044 11044 D LifecycleMonitor: Lifecycle status change: androidx.test.core.app.InstrumentationActivityInvoker$EmptyActivity@5c614c4 in: DESTROYED
09-15 08:52:21.205 11044 11044 V ActivityScenario: Activity lifecycle changed event received but ignored because the intent does not match. startActivityIntent=Intent { act=android.intent.action.MAIN cat=[android.intent.category.LAUNCHER] cmp=com.example.dogglers/.GridListActivity }, activity.getIntent()=Intent { act=android.intent.action.MAIN cat=[android.intent.category.LAUNCHER] flg=0x10000000 cmp=com.example.dogglers/androidx.test.core.app.InstrumentationActivityInvoker$EmptyActivity }, activity=androidx.test.core.app.InstrumentationActivityInvoker$EmptyActivity@5c614c4
09-15 08:52:21.205   568   606 W InputManager-JNI: Input channel object '3f93827 com.example.dogglers/androidx.test.core.app.InstrumentationActivityInvoker$EmptyActivity (client)' was disposed without first being removed with the input manager!
09-15 08:52:21.211 11044 11044 D LifecycleMonitor: Lifecycle status change: androidx.test.core.app.InstrumentationActivityInvoker$EmptyActivity@cdb56cf in: PAUSED
09-15 08:52:21.213 11044 11044 V ActivityScenario: Activity lifecycle changed event received but ignored because the intent does not match. startActivityIntent=Intent { act=android.intent.action.MAIN cat=[android.intent.category.LAUNCHER] cmp=com.example.dogglers/.GridListActivity }, activity.getIntent()=Intent { act=android.intent.action.MAIN cat=[android.intent.category.LAUNCHER] flg=0x10000000 cmp=com.example.dogglers/androidx.test.core.app.InstrumentationActivityInvoker$EmptyActivity }, activity=androidx.test.core.app.InstrumentationActivityInvoker$EmptyActivity@cdb56cf
09-15 08:52:21.224   568   615 W InputManager-JNI: Input channel object 'ae845fe Splash Screen com.example.dogglers (client)' was disposed without first being removed with the input manager!
09-15 08:52:21.230  2701  2701 I A       : onApplyWindowInsets: systemWindowInsets=Insets{left=0, top=145, right=0, bottom=132}
09-15 08:52:21.230  2701  2701 I A       : onApplyWindowInsets: Adjusting for display cutouts. Safe insets: left=0, top=136, right=0, bottom=0
09-15 08:52:21.230  2701  2701 I A       : onApplyWindowInsets: systemWindowInsets=Insets{left=0, top=145, right=0, bottom=132}
09-15 08:52:21.231   361   361 D goldfish-address-space: claimShared: Ask to claim region [0x3f2318000 0x3f2cbc000]
09-15 08:52:21.233   361   443 D goldfish-address-space: claimShared: Ask to claim region [0x3f4000000 0x3f49a4000]
09-15 08:52:21.235   361   443 D goldfish-address-space: claimShared: Ask to claim region [0x3f5cec000 0x3f6690000]
09-15 08:52:21.243  2701  2717 I OpenGLRenderer: Davey! duration=3528ms; Flags=1, FrameTimelineVsyncId=15746, IntendedVsync=1339570347941, Vsync=1339570347941, InputEventId=0, HandleInputStart=1339570917005, AnimationStart=1339570917462, PerformTraversalsStart=1339570917711, DrawStart=1339581727623, FrameDeadline=1339603681273, FrameInterval=1339570914476, FrameStartTime=16666666, SyncQueued=1339582124533, SyncStart=1339582316971, IssueDrawCommandsStart=1339582414747, SwapBuffers=1339583098254, FrameCompleted=1343099233264, DequeueBufferDuration=4093, QueueBufferDuration=391690, GpuCompleted=1343099233264, SwapBuffersCompleted=1339583867765, DisplayPresentTime=0,
09-15 08:52:21.245  2819  2819 I GsaVoiceInteractionSrv: Handling ACTION_START_HOTWORD
09-15 08:52:21.246  2819  2819 I GsaVoiceInteractionSrv: disregardVoiceMatch: false
09-15 08:52:21.246  2819  2819 I GsaVoiceInteractionSrv: Cannot start hotword, hotword has been explicitly disabled.
09-15 08:52:21.247   361   443 D goldfish-address-space: claimShared: Ask to claim region [0x3ee944000 0x3ef2e8000]
09-15 08:52:21.250   361   443 D goldfish-address-space: claimShared: Ask to claim region [0x3f0000000 0x3f09a4000]
09-15 08:52:21.251   361   443 D goldfish-address-space: claimShared: Ask to claim region [0x3f1348000 0x3f1cec000]
09-15 08:52:21.276  1488  1488 I GoogleInputMethodService: GoogleInputMethodService.onFinishInput():3420
09-15 08:52:21.276  1488  1488 I GoogleInputMethodService: GoogleInputMethodService.onStartInput():2002
09-15 08:52:21.281  1488  1488 I DeviceUnlockedTag: DeviceUnlockedTag.notifyDeviceLockStatusChanged():31 Notify device unlocked.
09-15 08:52:21.383   849   941 D EGL_emulation: app_time_stats: avg=54.40ms min=5.83ms max=434.71ms count=18
09-15 08:52:21.731 11044 11044 D LifecycleMonitor: Lifecycle status change: androidx.test.core.app.InstrumentationActivityInvoker$EmptyActivity@cdb56cf in: STOPPED
09-15 08:52:21.732 11044 11044 V ActivityScenario: Activity lifecycle changed event received but ignored because the intent does not match. startActivityIntent=Intent { act=android.intent.action.MAIN cat=[android.intent.category.LAUNCHER] cmp=com.example.dogglers/.GridListActivity }, activity.getIntent()=Intent { act=android.intent.action.MAIN cat=[android.intent.category.LAUNCHER] flg=0x10000000 cmp=com.example.dogglers/androidx.test.core.app.InstrumentationActivityInvoker$EmptyActivity }, activity=androidx.test.core.app.InstrumentationActivityInvoker$EmptyActivity@cdb56cf
09-15 08:52:21.734 11044 11044 D LifecycleMonitor: Lifecycle status change: androidx.test.core.app.InstrumentationActivityInvoker$EmptyActivity@cdb56cf in: DESTROYED
09-15 08:52:21.735 11044 11044 V ActivityScenario: Activity lifecycle changed event received but ignored because the intent does not match. startActivityIntent=Intent { act=android.intent.action.MAIN cat=[android.intent.category.LAUNCHER] cmp=com.example.dogglers/.GridListActivity }, activity.getIntent()=Intent { act=android.intent.action.MAIN cat=[android.intent.category.LAUNCHER] flg=0x10000000 cmp=com.example.dogglers/androidx.test.core.app.InstrumentationActivityInvoker$EmptyActivity }, activity=androidx.test.core.app.InstrumentationActivityInvoker$EmptyActivity@cdb56cf
09-15 08:52:21.739   568  2086 W InputManager-JNI: Input channel object '52ee970 com.example.dogglers/androidx.test.core.app.InstrumentationActivityInvoker$EmptyActivity (client)' was disposed without first being removed with the input manager!
09-15 08:52:21.747 11044 11044 D LifecycleMonitor: Lifecycle status change: com.example.dogglers.GridListActivity@d8cbb67 in: STOPPED
09-15 08:52:21.748 11044 11044 V ActivityScenario: Update currentActivityStage to STOPPED, currentActivity=com.example.dogglers.GridListActivity@d8cbb67
09-15 08:52:21.753 11044 11044 D LifecycleMonitor: Lifecycle status change: com.example.dogglers.GridListActivity@d8cbb67 in: DESTROYED
09-15 08:52:21.753 11044 11044 V ActivityScenario: Update currentActivityStage to DESTROYED, currentActivity=null
09-15 08:52:21.765 11044 11065 I TestRunner: finished: grid_list_content_at_last_position(com.example.dogglers.GridListTests)
