09-15 08:52:28.888 11044 11065 I TestRunner: started: vertical_scrolling(com.example.dogglers.VerticalListTests)
09-15 08:52:28.891 11044 11065 W Settings: Setting always_finish_activities has moved from android.provider.Settings.System to android.provider.Settings.Global, returning read-only value.
09-15 08:52:28.897   849   936 D SplashScreenView: Build android.window.SplashScreenView{3303fab V.E...... ......ID 0,0-0,0}
09-15 08:52:28.897   849   936 D SplashScreenView: Icon: view: null drawable: null size: 0
09-15 08:52:28.897   849   936 D SplashScreenView: Branding: view: android.view.View{8336608 G.ED..... ......I. 0,0-0,0 #10204a6 android:id/splashscreen_branding_view} drawable: null size w: 0 h: 0
09-15 08:52:28.900 11044 11044 D LifecycleMonitor: Lifecycle status change: androidx.test.core.app.InstrumentationActivityInvoker$BootstrapActivity@69bc75b in: PRE_ON_CREATE
09-15 08:52:28.901 11044 11044 V ActivityScenario: Activity lifecycle changed event received but ignored because the intent does not match. startActivityIntent=Intent { act=android.intent.action.MAIN cat=[android.intent.category.LAUNCHER] cmp=com.example.dogglers/.VerticalListActivity }, activity.getIntent()=Intent { act=android.intent.action.MAIN cat=[android.intent.category.LAUNCHER] flg=0x10008000 cmp=com.example.dogglers/androidx.test.core.app.InstrumentationActivityInvoker$BootstrapActivity (has extras) }, activity=androidx.test.core.app.InstrumentationActivityInvoker$BootstrapActivity@69bc75b
09-15 08:52:28.903 11044 11044 D LifecycleMonitor: Lifecycle status change: androidx.test.core.app.InstrumentationActivityInvoker$BootstrapActivity@69bc75b in: CREATED
09-15 08:52:28.903 11044 11044 V ActivityScenario: Activity lifecycle changed event received but ignored because the intent does not match. startActivityIntent=Intent { act=android.intent.action.MAIN cat=[android.intent.category.LAUNCHER] cmp=com.example.dogglers/.VerticalListActivity }, activity.getIntent()=Intent { act=android.intent.action.MAIN cat=[android.intent.category.LAUNCHER] flg=0x10008000 cmp=com.example.dogglers/androidx.test.core.app.InstrumentationActivityInvoker$BootstrapActivity (has extras) }, activity=androidx.test.core.app.InstrumentationActivityInvoker$BootstrapActivity@69bc75b
09-15 08:52:28.904 11044 11044 D LifecycleMonitor: Lifecycle status change: androidx.test.core.app.InstrumentationActivityInvoker$BootstrapActivity@69bc75b in: STARTED
09-15 08:52:28.904 11044 11044 V ActivityScenario: Activity lifecycle changed event received but ignored because the intent does not match. startActivityIntent=Intent { act=android.intent.action.MAIN cat=[android.intent.category.LAUNCHER] cmp=com.example.dogglers/.VerticalListActivity }, activity.getIntent()=Intent { act=android.intent.action.MAIN cat=[android.intent.category.LAUNCHER] flg=0x10008000 cmp=com.example.dogglers/androidx.test.core.app.InstrumentationActivityInvoker$BootstrapActivity (has extras) }, activity=androidx.test.core.app.InstrumentationActivityInvoker$BootstrapActivity@69bc75b
09-15 08:52:28.908 11044 11044 D LifecycleMonitor: Lifecycle status change: androidx.test.core.app.InstrumentationActivityInvoker$BootstrapActivity@69bc75b in: RESUMED
09-15 08:52:28.908 11044 11044 V ActivityScenario: Activity lifecycle changed event received but ignored because the intent does not match. startActivityIntent=Intent { act=android.intent.action.MAIN cat=[android.intent.category.LAUNCHER] cmp=com.example.dogglers/.VerticalListActivity }, activity.getIntent()=Intent { act=android.intent.action.MAIN cat=[android.intent.category.LAUNCHER] flg=0x10008000 cmp=com.example.dogglers/androidx.test.core.app.InstrumentationActivityInvoker$BootstrapActivity (has extras) }, activity=androidx.test.core.app.InstrumentationActivityInvoker$BootstrapActivity@69bc75b
09-15 08:52:28.912   361   442 D goldfish-address-space: claimShared: Ask to claim region [0x3f32e8000 0x3f3c8c000]
09-15 08:52:28.912 11044 11044 D LifecycleMonitor: Lifecycle status change: androidx.test.core.app.InstrumentationActivityInvoker$BootstrapActivity@69bc75b in: PAUSED
09-15 08:52:28.912 11044 11044 V ActivityScenario: Activity lifecycle changed event received but ignored because the intent does not match. startActivityIntent=Intent { act=android.intent.action.MAIN cat=[android.intent.category.LAUNCHER] cmp=com.example.dogglers/.VerticalListActivity }, activity.getIntent()=Intent { act=android.intent.action.MAIN cat=[android.intent.category.LAUNCHER] flg=0x10008000 cmp=com.example.dogglers/androidx.test.core.app.InstrumentationActivityInvoker$BootstrapActivity (has extras) }, activity=androidx.test.core.app.InstrumentationActivityInvoker$BootstrapActivity@69bc75b
09-15 08:52:28.916   361   442 D goldfish-address-space: claimShared: Ask to claim region [0x3f4000000 0x3f49a4000]
09-15 08:52:28.917   361   442 D goldfish-address-space: claimShared: Ask to claim region [0x3f49a4000 0x3f5348000]
09-15 08:52:28.923 11044 11044 D LifecycleMonitor: Lifecycle status change: com.example.dogglers.VerticalListActivity@397f10d in: PRE_ON_CREATE
09-15 08:52:28.923 11044 11044 V ActivityScenario: Activity lifecycle changed event received but ignored because the reported transition was not ON_CREATE while the last known transition was PRE_ON_CREATE
09-15 08:52:28.935 11044 11044 D LifecycleMonitor: Lifecycle status change: com.example.dogglers.VerticalListActivity@397f10d in: CREATED
09-15 08:52:28.935 11044 11044 V ActivityScenario: Update currentActivityStage to CREATED, currentActivity=com.example.dogglers.VerticalListActivity@397f10d
09-15 08:52:28.936 11044 11044 D LifecycleMonitor: Lifecycle status change: com.example.dogglers.VerticalListActivity@397f10d in: STARTED
09-15 08:52:28.936 11044 11044 V ActivityScenario: Update currentActivityStage to STARTED, currentActivity=com.example.dogglers.VerticalListActivity@397f10d
09-15 08:52:28.937 11044 11044 D LifecycleMonitor: Lifecycle status change: com.example.dogglers.VerticalListActivity@397f10d in: RESUMED
09-15 08:52:28.937 11044 11044 V ActivityScenario: Update currentActivityStage to RESUMED, currentActivity=com.example.dogglers.VerticalListActivity@397f10d
09-15 08:52:28.940 11044 11044 D LifecycleMonitor: Lifecycle status change: androidx.test.core.app.InstrumentationActivityInvoker$BootstrapActivity@69bc75b in: STOPPED
09-15 08:52:28.940 11044 11044 V ActivityScenario: Activity lifecycle changed event received but ignored because the intent does not match. startActivityIntent=Intent { act=android.intent.action.MAIN cat=[android.intent.category.LAUNCHER] cmp=com.example.dogglers/.VerticalListActivity }, activity.getIntent()=Intent { act=android.intent.action.MAIN cat=[android.intent.category.LAUNCHER] flg=0x10008000 cmp=com.example.dogglers/androidx.test.core.app.InstrumentationActivityInvoker$BootstrapActivity (has extras) }, activity=androidx.test.core.app.InstrumentationActivityInvoker$BootstrapActivity@69bc75b
09-15 08:52:28.950   361   442 D goldfish-address-space: claimShared: Ask to claim region [0x3f5348000 0x3f5cec000]
09-15 08:52:28.951   361   442 D goldfish-address-space: claimShared: Ask to claim region [0x3f5cec000 0x3f6690000]
09-15 08:52:28.951   361   442 D goldfish-address-space: claimShared: Ask to claim region [0x3f6690000 0x3f7034000]
09-15 08:52:28.999  2819  2819 I GsaVoiceInteractionSrv: Handling ACTION_STOP_HOTWORD
09-15 08:52:28.999  2819  2819 E HwDetectorWithState: a: 3
09-15 08:52:29.001 11044 11044 D RootViewPicker: Root not ready - waiting: 10ms for one to appear.
09-15 08:52:29.003   568   611 I ActivityTaskManager: Displayed com.example.dogglers/.VerticalListActivity: +101ms
09-15 08:52:29.019  1488  1488 I GoogleInputMethodService: GoogleInputMethodService.onFinishInput():3420
09-15 08:52:29.019  1488  1488 I GoogleInputMethodService: GoogleInputMethodService.onStartInput():2002
09-15 08:52:29.020  1488  1488 I DeviceUnlockedTag: DeviceUnlockedTag.notifyDeviceLockStatusChanged():31 Notify device unlocked.
09-15 08:52:29.043 11044 11044 I ViewInteraction: Performing 'fast swipe' action on view view.getId() is <2131231206/com.example.dogglers:id/vertical_recycler_view>
09-15 08:52:29.055   849   941 D EGL_emulation: app_time_stats: avg=35.81ms min=2.04ms max=413.93ms count=28
09-15 08:52:29.283 11044 11044 I ViewInteraction: Checking 'MatchesViewAssertion{viewMatcher=(view has effective visibility <VISIBLE> and view.getGlobalVisibleRect() to return non-empty rectangle)}' assertion on view an instance of android.widget.TextView and view.getText() with or without transformation to match: is "Faye"
09-15 08:52:29.285   568  1010 W InputManager-JNI: Input channel object 'eb8cf37 Splash Screen com.example.dogglers (client)' was disposed without first being removed with the input manager!
09-15 08:52:29.296 11044 11044 D LifecycleMonitor: Lifecycle status change: com.example.dogglers.VerticalListActivity@397f10d in: PAUSED
09-15 08:52:29.297 11044 11044 V ActivityScenario: Update currentActivityStage to PAUSED, currentActivity=com.example.dogglers.VerticalListActivity@397f10d
09-15 08:52:29.313 11044 11044 D LifecycleMonitor: Lifecycle status change: androidx.test.core.app.InstrumentationActivityInvoker$EmptyActivity@28f1a43 in: PRE_ON_CREATE
09-15 08:52:29.313 11044 11044 V ActivityScenario: Activity lifecycle changed event received but ignored because the intent does not match. startActivityIntent=Intent { act=android.intent.action.MAIN cat=[android.intent.category.LAUNCHER] cmp=com.example.dogglers/.VerticalListActivity }, activity.getIntent()=Intent { act=android.intent.action.MAIN cat=[android.intent.category.LAUNCHER] flg=0x10000000 cmp=com.example.dogglers/androidx.test.core.app.InstrumentationActivityInvoker$EmptyActivity }, activity=androidx.test.core.app.InstrumentationActivityInvoker$EmptyActivity@28f1a43
09-15 08:52:29.316 11044 11044 D LifecycleMonitor: Lifecycle status change: androidx.test.core.app.InstrumentationActivityInvoker$EmptyActivity@28f1a43 in: CREATED
09-15 08:52:29.316 11044 11044 V ActivityScenario: Activity lifecycle changed event received but ignored because the intent does not match. startActivityIntent=Intent { act=android.intent.action.MAIN cat=[android.intent.category.LAUNCHER] cmp=com.example.dogglers/.VerticalListActivity }, activity.getIntent()=Intent { act=android.intent.action.MAIN cat=[android.intent.category.LAUNCHER] flg=0x10000000 cmp=com.example.dogglers/androidx.test.core.app.InstrumentationActivityInvoker$EmptyActivity }, activity=androidx.test.core.app.InstrumentationActivityInvoker$EmptyActivity@28f1a43
09-15 08:52:29.317 11044 11044 D LifecycleMonitor: Lifecycle status change: androidx.test.core.app.InstrumentationActivityInvoker$EmptyActivity@28f1a43 in: STARTED
09-15 08:52:29.317 11044 11044 V ActivityScenario: Activity lifecycle changed event received but ignored because the intent does not match. startActivityIntent=Intent { act=android.intent.action.MAIN cat=[android.intent.category.LAUNCHER] cmp=com.example.dogglers/.VerticalListActivity }, activity.getIntent()=Intent { act=android.intent.action.MAIN cat=[android.intent.category.LAUNCHER] flg=0x10000000 cmp=com.example.dogglers/androidx.test.core.app.InstrumentationActivityInvoker$EmptyActivity }, activity=androidx.test.core.app.InstrumentationActivityInvoker$EmptyActivity@28f1a43
09-15 08:52:29.318 11044 11044 D LifecycleMonitor: Lifecycle status change: androidx.test.core.app.InstrumentationActivityInvoker$EmptyActivity@28f1a43 in: RESUMED
09-15 08:52:29.318 11044 11044 V ActivityScenario: Activity lifecycle changed event received but ignored because the intent does not match. startActivityIntent=Intent { act=android.intent.action.MAIN cat=[android.intent.category.LAUNCHER] cmp=com.example.dogglers/.VerticalListActivity }, activity.getIntent()=Intent { act=android.intent.action.MAIN cat=[android.intent.category.LAUNCHER] flg=0x10000000 cmp=com.example.dogglers/androidx.test.core.app.InstrumentationActivityInvoker$EmptyActivity }, activity=androidx.test.core.app.InstrumentationActivityInvoker$EmptyActivity@28f1a43
09-15 08:52:29.329   361   442 D goldfish-address-space: claimShared: Ask to claim region [0x3eebf8000 0x3ef59c000]
09-15 08:52:29.331   361   442 D goldfish-address-space: claimShared: Ask to claim region [0x3ef59c000 0x3eff40000]
09-15 08:52:29.331   361   442 D goldfish-address-space: claimShared: Ask to claim region [0x3ed974000 0x3ee318000]
09-15 08:52:29.336   568   611 I ActivityTaskManager: Displayed com.example.dogglers/androidx.test.core.app.InstrumentationActivityInvoker$EmptyActivity: +50ms
09-15 08:52:29.339   372   372 E android.hardware.power.stats@1.0-service-mock: Failed to getEnergyData
09-15 08:52:29.346 11044 11044 D LifecycleMonitor: Lifecycle status change: com.example.dogglers.VerticalListActivity@397f10d in: STOPPED
09-15 08:52:29.346 11044 11044 V ActivityScenario: Update currentActivityStage to STOPPED, currentActivity=com.example.dogglers.VerticalListActivity@397f10d
09-15 08:52:29.352  1488  1488 I GoogleInputMethodService: GoogleInputMethodService.onFinishInput():3420
09-15 08:52:29.352  1488  1488 I GoogleInputMethodService: GoogleInputMethodService.onStartInput():2002
09-15 08:52:29.352  1488  1488 I DeviceUnlockedTag: DeviceUnlockedTag.notifyDeviceLockStatusChanged():31 Notify device unlocked.
09-15 08:52:29.353 11044 11044 D LifecycleMonitor: Lifecycle status change: com.example.dogglers.VerticalListActivity@397f10d in: DESTROYED
09-15 08:52:29.353 11044 11044 V ActivityScenario: Update currentActivityStage to DESTROYED, currentActivity=null
09-15 08:52:29.355   568  1266 W InputManager-JNI: Input channel object 'f3abc3 com.example.dogglers/com.example.dogglers.VerticalListActivity (client)' was disposed without first being removed with the input manager!
09-15 08:52:29.358 11044 11044 D LifecycleMonitor: Lifecycle status change: androidx.test.core.app.InstrumentationActivityInvoker$EmptyActivity@28f1a43 in: PAUSED
09-15 08:52:29.358 11044 11044 V ActivityScenario: Activity lifecycle changed event received but ignored because the intent does not match. startActivityIntent=Intent { act=android.intent.action.MAIN cat=[android.intent.category.LAUNCHER] cmp=com.example.dogglers/.VerticalListActivity }, activity.getIntent()=Intent { act=android.intent.action.MAIN cat=[android.intent.category.LAUNCHER] flg=0x10000000 cmp=com.example.dogglers/androidx.test.core.app.InstrumentationActivityInvoker$EmptyActivity }, activity=androidx.test.core.app.InstrumentationActivityInvoker$EmptyActivity@28f1a43
09-15 08:52:29.363 11044 11044 D LifecycleMonitor: Lifecycle status change: androidx.test.core.app.InstrumentationActivityInvoker$BootstrapActivity@69bc75b in: DESTROYED
09-15 08:52:29.363 11044 11044 V ActivityScenario: Activity lifecycle changed event received but ignored because the intent does not match. startActivityIntent=Intent { act=android.intent.action.MAIN cat=[android.intent.category.LAUNCHER] cmp=com.example.dogglers/.VerticalListActivity }, activity.getIntent()=Intent { act=android.intent.action.MAIN cat=[android.intent.category.LAUNCHER] flg=0x10008000 cmp=com.example.dogglers/androidx.test.core.app.InstrumentationActivityInvoker$BootstrapActivity (has extras) }, activity=androidx.test.core.app.InstrumentationActivityInvoker$BootstrapActivity@69bc75b
09-15 08:52:29.365 11044 11044 D LifecycleMonitor: Lifecycle status change: androidx.test.core.app.InstrumentationActivityInvoker$EmptyActivity@7681f31 in: PRE_ON_CREATE
09-15 08:52:29.365 11044 11044 V ActivityScenario: Activity lifecycle changed event received but ignored because the intent does not match. startActivityIntent=Intent { act=android.intent.action.MAIN cat=[android.intent.category.LAUNCHER] cmp=com.example.dogglers/.VerticalListActivity }, activity.getIntent()=Intent { act=android.intent.action.MAIN cat=[android.intent.category.LAUNCHER] flg=0x10000000 cmp=com.example.dogglers/androidx.test.core.app.InstrumentationActivityInvoker$EmptyActivity }, activity=androidx.test.core.app.InstrumentationActivityInvoker$EmptyActivity@7681f31
09-15 08:52:29.368 11044 11044 D LifecycleMonitor: Lifecycle status change: androidx.test.core.app.InstrumentationActivityInvoker$EmptyActivity@7681f31 in: CREATED
09-15 08:52:29.368 11044 11044 V ActivityScenario: Activity lifecycle changed event received but ignored because the intent does not match. startActivityIntent=Intent { act=android.intent.action.MAIN cat=[android.intent.category.LAUNCHER] cmp=com.example.dogglers/.VerticalListActivity }, activity.getIntent()=Intent { act=android.intent.action.MAIN cat=[android.intent.category.LAUNCHER] flg=0x10000000 cmp=com.example.dogglers/androidx.test.core.app.InstrumentationActivityInvoker$EmptyActivity }, activity=androidx.test.core.app.InstrumentationActivityInvoker$EmptyActivity@7681f31
09-15 08:52:29.368 11044 11044 D LifecycleMonitor: Lifecycle status change: androidx.test.core.app.InstrumentationActivityInvoker$EmptyActivity@7681f31 in: STARTED
09-15 08:52:29.368 11044 11044 V ActivityScenario: Activity lifecycle changed event received but ignored because the intent does not match. startActivityIntent=Intent { act=android.intent.action.MAIN cat=[android.intent.category.LAUNCHER] cmp=com.example.dogglers/.VerticalListActivity }, activity.getIntent()=Intent { act=android.intent.action.MAIN cat=[android.intent.category.LAUNCHER] flg=0x10000000 cmp=com.example.dogglers/androidx.test.core.app.InstrumentationActivityInvoker$EmptyActivity }, activity=androidx.test.core.app.InstrumentationActivityInvoker$EmptyActivity@7681f31
09-15 08:52:29.369 11044 11044 D LifecycleMonitor: Lifecycle status change: androidx.test.core.app.InstrumentationActivityInvoker$EmptyActivity@7681f31 in: RESUMED
09-15 08:52:29.369 11044 11044 V ActivityScenario: Activity lifecycle changed event received but ignored because the intent does not match. startActivityIntent=Intent { act=android.intent.action.MAIN cat=[android.intent.category.LAUNCHER] cmp=com.example.dogglers/.VerticalListActivity }, activity.getIntent()=Intent { act=android.intent.action.MAIN cat=[android.intent.category.LAUNCHER] flg=0x10000000 cmp=com.example.dogglers/androidx.test.core.app.InstrumentationActivityInvoker$EmptyActivity }, activity=androidx.test.core.app.InstrumentationActivityInvoker$EmptyActivity@7681f31
09-15 08:52:29.381   361   442 D goldfish-address-space: claimShared: Ask to claim region [0x3ec000000 0x3ec9a4000]
09-15 08:52:29.383   361   442 D goldfish-address-space: claimShared: Ask to claim region [0x3ec9a4000 0x3ed348000]
09-15 08:52:29.418   361   442 D goldfish-address-space: claimShared: Ask to claim region [0x3f32e8000 0x3f3c8c000]
09-15 08:52:29.423   568   611 I ActivityTaskManager: Displayed com.example.dogglers/androidx.test.core.app.InstrumentationActivityInvoker$EmptyActivity: +75ms
09-15 08:52:29.431   361   442 D goldfish-address-space: claimShared: Ask to claim region [0x3f09a4000 0x3f0fd0000]
09-15 08:52:29.446 11044 11044 D LifecycleMonitor: Lifecycle status change: androidx.test.core.app.InstrumentationActivityInvoker$EmptyActivity@28f1a43 in: STOPPED
09-15 08:52:29.446 11044 11044 V ActivityScenario: Activity lifecycle changed event received but ignored because the intent does not match. startActivityIntent=Intent { act=android.intent.action.MAIN cat=[android.intent.category.LAUNCHER] cmp=com.example.dogglers/.VerticalListActivity }, activity.getIntent()=Intent { act=android.intent.action.MAIN cat=[android.intent.category.LAUNCHER] flg=0x10000000 cmp=com.example.dogglers/androidx.test.core.app.InstrumentationActivityInvoker$EmptyActivity }, activity=androidx.test.core.app.InstrumentationActivityInvoker$EmptyActivity@28f1a43
09-15 08:52:29.447 11044 11044 D LifecycleMonitor: Lifecycle status change: androidx.test.core.app.InstrumentationActivityInvoker$EmptyActivity@28f1a43 in: DESTROYED
09-15 08:52:29.447 11044 11044 V ActivityScenario: Activity lifecycle changed event received but ignored because the intent does not match. startActivityIntent=Intent { act=android.intent.action.MAIN cat=[android.intent.category.LAUNCHER] cmp=com.example.dogglers/.VerticalListActivity }, activity.getIntent()=Intent { act=android.intent.action.MAIN cat=[android.intent.category.LAUNCHER] flg=0x10000000 cmp=com.example.dogglers/androidx.test.core.app.InstrumentationActivityInvoker$EmptyActivity }, activity=androidx.test.core.app.InstrumentationActivityInvoker$EmptyActivity@28f1a43
09-15 08:52:29.448   568  2083 W InputManager-JNI: Input channel object '6904c82 com.example.dogglers/androidx.test.core.app.InstrumentationActivityInvoker$EmptyActivity (client)' was disposed without first being removed with the input manager!
09-15 08:52:29.450 11044 11044 D LifecycleMonitor: Lifecycle status change: androidx.test.core.app.InstrumentationActivityInvoker$EmptyActivity@7681f31 in: PAUSED
09-15 08:52:29.450 11044 11044 V ActivityScenario: Activity lifecycle changed event received but ignored because the intent does not match. startActivityIntent=Intent { act=android.intent.action.MAIN cat=[android.intent.category.LAUNCHER] cmp=com.example.dogglers/.VerticalListActivity }, activity.getIntent()=Intent { act=android.intent.action.MAIN cat=[android.intent.category.LAUNCHER] flg=0x10000000 cmp=com.example.dogglers/androidx.test.core.app.InstrumentationActivityInvoker$EmptyActivity }, activity=androidx.test.core.app.InstrumentationActivityInvoker$EmptyActivity@7681f31
09-15 08:52:29.453 11044 11065 I TestRunner: finished: vertical_scrolling(com.example.dogglers.VerticalListTests)
