09-15 08:52:29.958 11044 11065 I TestRunner: started: vertical_scroll_content_at_first_position(com.example.dogglers.VerticalListTests)
09-15 08:52:29.963 11044 11065 W Settings: Setting always_finish_activities has moved from android.provider.Settings.System to android.provider.Settings.Global, returning read-only value.
09-15 08:52:29.970   849   936 D SplashScreenView: Build android.window.SplashScreenView{8c153d9 V.E...... ......ID 0,0-0,0}
09-15 08:52:29.970   849   936 D SplashScreenView: Icon: view: null drawable: null size: 0
09-15 08:52:29.970   849   936 D SplashScreenView: Branding: view: android.view.View{4b3019e G.ED..... ......I. 0,0-0,0 #10204a6 android:id/splashscreen_branding_view} drawable: null size w: 0 h: 0
09-15 08:52:29.976 11044 11044 D LifecycleMonitor: Lifecycle status change: androidx.test.core.app.InstrumentationActivityInvoker$BootstrapActivity@1028369 in: PRE_ON_CREATE
09-15 08:52:29.977 11044 11044 V ActivityScenario: Activity lifecycle changed event received but ignored because the intent does not match. startActivityIntent=Intent { act=android.intent.action.MAIN cat=[android.intent.category.LAUNCHER] cmp=com.example.dogglers/.VerticalListActivity }, activity.getIntent()=Intent { act=android.intent.action.MAIN cat=[android.intent.category.LAUNCHER] flg=0x10008000 cmp=com.example.dogglers/androidx.test.core.app.InstrumentationActivityInvoker$BootstrapActivity (has extras) }, activity=androidx.test.core.app.InstrumentationActivityInvoker$BootstrapActivity@1028369
09-15 08:52:29.981 11044 11044 D LifecycleMonitor: Lifecycle status change: androidx.test.core.app.InstrumentationActivityInvoker$BootstrapActivity@1028369 in: CREATED
09-15 08:52:29.981 11044 11044 V ActivityScenario: Activity lifecycle changed event received but ignored because the intent does not match. startActivityIntent=Intent { act=android.intent.action.MAIN cat=[android.intent.category.LAUNCHER] cmp=com.example.dogglers/.VerticalListActivity }, activity.getIntent()=Intent { act=android.intent.action.MAIN cat=[android.intent.category.LAUNCHER] flg=0x10008000 cmp=com.example.dogglers/androidx.test.core.app.InstrumentationActivityInvoker$BootstrapActivity (has extras) }, activity=androidx.test.core.app.InstrumentationActivityInvoker$BootstrapActivity@1028369
09-15 08:52:29.981 11044 11044 D LifecycleMonitor: Lifecycle status change: androidx.test.core.app.InstrumentationActivityInvoker$BootstrapActivity@1028369 in: STARTED
09-15 08:52:29.981 11044 11044 V ActivityScenario: Activity lifecycle changed event received but ignored because the intent does not match. startActivityIntent=Intent { act=android.intent.action.MAIN cat=[android.intent.category.LAUNCHER] cmp=com.example.dogglers/.VerticalListActivity }, activity.getIntent()=Intent { act=android.intent.action.MAIN cat=[android.intent.category.LAUNCHER] flg=0x10008000 cmp=com.example.dogglers/androidx.test.core.app.InstrumentationActivityInvoker$BootstrapActivity (has extras) }, activity=androidx.test.core.app.InstrumentationActivityInvoker$BootstrapActivity@1028369
09-15 08:52:29.983   361   442 D goldfish-address-space: claimShared: Ask to claim region [0x3ec000000 0x3ec9a4000]
09-15 08:52:29.984   361   442 D goldfish-address-space: claimShared: Ask to claim region [0x3ec9a4000 0x3ed348000]
09-15 08:52:29.985   361   443 D goldfish-address-space: claimShared: Ask to claim region [0x3f0000000 0x3f09a4000]
09-15 08:52:29.985 11044 11044 D LifecycleMonitor: Lifecycle status change: androidx.test.core.app.InstrumentationActivityInvoker$BootstrapActivity@1028369 in: RESUMED
09-15 08:52:29.985 11044 11044 V ActivityScenario: Activity lifecycle changed event received but ignored because the intent does not match. startActivityIntent=Intent { act=android.intent.action.MAIN cat=[android.intent.category.LAUNCHER] cmp=com.example.dogglers/.VerticalListActivity }, activity.getIntent()=Intent { act=android.intent.action.MAIN cat=[android.intent.category.LAUNCHER] flg=0x10008000 cmp=com.example.dogglers/androidx.test.core.app.InstrumentationActivityInvoker$BootstrapActivity (has extras) }, activity=androidx.test.core.app.InstrumentationActivityInvoker$BootstrapActivity@1028369
09-15 08:52:29.986 11044 11044 D LifecycleMonitor: Lifecycle status change: androidx.test.core.app.InstrumentationActivityInvoker$BootstrapActivity@1028369 in: PAUSED
09-15 08:52:29.987 11044 11044 V ActivityScenario: Activity lifecycle changed event received but ignored because the intent does not match. startActivityIntent=Intent { act=android.intent.action.MAIN cat=[android.intent.category.LAUNCHER] cmp=com.example.dogglers/.VerticalListActivity }, activity.getIntent()=Intent { act=android.intent.action.MAIN cat=[android.intent.category.LAUNCHER] flg=0x10008000 cmp=com.example.dogglers/androidx.test.core.app.InstrumentationActivityInvoker$BootstrapActivity (has extras) }, activity=androidx.test.core.app.InstrumentationActivityInvoker$BootstrapActivity@1028369
09-15 08:52:29.997 11044 11044 D LifecycleMonitor: Lifecycle status change: com.example.dogglers.VerticalListActivity@1759cab in: PRE_ON_CREATE
09-15 08:52:29.998 11044 11044 V ActivityScenario: Activity lifecycle changed event received but ignored because the reported transition was not ON_CREATE while the last known transition was PRE_ON_CREATE
09-15 08:52:30.004 11044 11044 D LifecycleMonitor: Lifecycle status change: com.example.dogglers.VerticalListActivity@1759cab in: CREATED
09-15 08:52:30.004 11044 11044 V ActivityScenario: Update currentActivityStage to CREATED, currentActivity=com.example.dogglers.VerticalListActivity@1759cab
09-15 08:52:30.005 11044 11044 D LifecycleMonitor: Lifecycle status change: com.example.dogglers.VerticalListActivity@1759cab in: STARTED
09-15 08:52:30.005 11044 11044 V ActivityScenario: Update currentActivityStage to STARTED, currentActivity=com.example.dogglers.VerticalListActivity@1759cab
09-15 08:52:30.006 11044 11044 D LifecycleMonitor: Lifecycle status change: com.example.dogglers.VerticalListActivity@1759cab in: RESUMED
09-15 08:52:30.006 11044 11044 V ActivityScenario: Update currentActivityStage to RESUMED, currentActivity=com.example.dogglers.VerticalListActivity@1759cab
09-15 08:52:30.014 11044 11044 D LifecycleMonitor: Lifecycle status change: androidx.test.core.app.InstrumentationActivityInvoker$BootstrapActivity@1028369 in: STOPPED
09-15 08:52:30.014 11044 11044 V ActivityScenario: Activity lifecycle changed event received but ignored because the intent does not match. startActivityIntent=Intent { act=android.intent.action.MAIN cat=[android.intent.category.LAUNCHER] cmp=com.example.dogglers/.VerticalListActivity }, activity.getIntent()=Intent { act=android.intent.action.MAIN cat=[android.intent.category.LAUNCHER] flg=0x10008000 cmp=com.example.dogglers/androidx.test.core.app.InstrumentationActivityInvoker$BootstrapActivity (has extras) }, activity=androidx.test.core.app.InstrumentationActivityInvoker$BootstrapActivity@1028369
09-15 08:52:30.032   361   443 D goldfish-address-space: claimShared: Ask to claim region [0x3f32e8000 0x3f3c8c000]
09-15 08:52:30.034   361   443 D goldfish-address-space: claimShared: Ask to claim region [0x3f4000000 0x3f49a4000]
09-15 08:52:30.034   361   443 D goldfish-address-space: claimShared: Ask to claim region [0x3f49a4000 0x3f5348000]
09-15 08:52:30.070   568   611 I ActivityTaskManager: Displayed com.example.dogglers/.VerticalListActivity: +101ms
09-15 08:52:30.071   849   941 D EGL_emulation: app_time_stats: avg=31.51ms min=0.86ms max=366.47ms count=28
09-15 08:52:30.083  2819  2819 I GsaVoiceInteractionSrv: Handling ACTION_STOP_HOTWORD
09-15 08:52:30.083  2819  2819 E HwDetectorWithState: a: 3
09-15 08:52:30.087 11044 11044 D RootViewPicker: Root not ready - waiting: 10ms for one to appear.
09-15 08:52:30.091  1488  1488 I GoogleInputMethodService: GoogleInputMethodService.onFinishInput():3420
09-15 08:52:30.092  1488  1488 I GoogleInputMethodService: GoogleInputMethodService.onStartInput():2002
09-15 08:52:30.093  1488  1488 I DeviceUnlockedTag: DeviceUnlockedTag.notifyDeviceLockStatusChanged():31 Notify device unlocked.
09-15 08:52:30.116 11044 11044 I ViewInteraction: Checking 'MatchesViewAssertion{viewMatcher=(view has effective visibility <VISIBLE> and view.getGlobalVisibleRect() to return non-empty rectangle)}' assertion on view an instance of android.widget.TextView and view.getText() with or without transformation to match: is "Tzeitel"
09-15 08:52:30.120 11044 11044 I ViewInteraction: Checking 'MatchesViewAssertion{viewMatcher=(view has effective visibility <VISIBLE> and view.getGlobalVisibleRect() to return non-empty rectangle)}' assertion on view an instance of android.widget.TextView and view.getText() with or without transformation to match: is "Age: 7"
09-15 08:52:30.122 11044 11044 I ViewInteraction: Checking 'MatchesViewAssertion{viewMatcher=(view has effective visibility <VISIBLE> and view.getGlobalVisibleRect() to return non-empty rectangle)}' assertion on view an instance of android.widget.TextView and view.getText() with or without transformation to match: is "Hobbies: sunbathing"
09-15 08:52:30.261 11044 11044 I ViewInteraction: Checking 'MatchesViewAssertion{viewMatcher=(view has effective visibility <VISIBLE> and view.getGlobalVisibleRect() to return non-empty rectangle)}' assertion on view has drawable resource 2131165345
09-15 08:52:30.271 11044 11044 D LifecycleMonitor: Lifecycle status change: com.example.dogglers.VerticalListActivity@1759cab in: PAUSED
09-15 08:52:30.271 11044 11044 V ActivityScenario: Update currentActivityStage to PAUSED, currentActivity=com.example.dogglers.VerticalListActivity@1759cab
09-15 08:52:30.283 11044 11044 D LifecycleMonitor: Lifecycle status change: androidx.test.core.app.InstrumentationActivityInvoker$EmptyActivity@a95da0e in: PRE_ON_CREATE
09-15 08:52:30.283 11044 11044 V ActivityScenario: Activity lifecycle changed event received but ignored because the intent does not match. startActivityIntent=Intent { act=android.intent.action.MAIN cat=[android.intent.category.LAUNCHER] cmp=com.example.dogglers/.VerticalListActivity }, activity.getIntent()=Intent { act=android.intent.action.MAIN cat=[android.intent.category.LAUNCHER] flg=0x10000000 cmp=com.example.dogglers/androidx.test.core.app.InstrumentationActivityInvoker$EmptyActivity }, activity=androidx.test.core.app.InstrumentationActivityInvoker$EmptyActivity@a95da0e
09-15 08:52:30.286 11044 11044 D LifecycleMonitor: Lifecycle status change: androidx.test.core.app.InstrumentationActivityInvoker$EmptyActivity@a95da0e in: CREATED
09-15 08:52:30.286 11044 11044 V ActivityScenario: Activity lifecycle changed event received but ignored because the intent does not match. startActivityIntent=Intent { act=android.intent.action.MAIN cat=[android.intent.category.LAUNCHER] cmp=com.example.dogglers/.VerticalListActivity }, activity.getIntent()=Intent { act=android.intent.action.MAIN cat=[android.intent.category.LAUNCHER] flg=0x10000000 cmp=com.example.dogglers/androidx.test.core.app.InstrumentationActivityInvoker$EmptyActivity }, activity=androidx.test.core.app.InstrumentationActivityInvoker$EmptyActivity@a95da0e
09-15 08:52:30.287 11044 11044 D LifecycleMonitor: Lifecycle status change: androidx.test.core.app.InstrumentationActivityInvoker$EmptyActivity@a95da0e in: STARTED
09-15 08:52:30.287 11044 11044 V ActivityScenario: Activity lifecycle changed event received but ignored because the intent does not match. startActivityIntent=Intent { act=android.intent.action.MAIN cat=[android.intent.category.LAUNCHER] cmp=com.example.dogglers/.VerticalListActivity }, activity.getIntent()=Intent { act=android.intent.action.MAIN cat=[android.intent.category.LAUNCHER] flg=0x10000000 cmp=com.example.dogglers/androidx.test.core.app.InstrumentationActivityInvoker$EmptyActivity }, activity=androidx.test.core.app.InstrumentationActivityInvoker$EmptyActivity@a95da0e
09-15 08:52:30.289 11044 11044 D LifecycleMonitor: Lifecycle status change: androidx.test.core.app.InstrumentationActivityInvoker$EmptyActivity@a95da0e in: RESUMED
09-15 08:52:30.289 11044 11044 V ActivityScenario: Activity lifecycle changed event received but ignored because the intent does not match. startActivityIntent=Intent { act=android.intent.action.MAIN cat=[android.intent.category.LAUNCHER] cmp=com.example.dogglers/.VerticalListActivity }, activity.getIntent()=Intent { act=android.intent.action.MAIN cat=[android.intent.category.LAUNCHER] flg=0x10000000 cmp=com.example.dogglers/androidx.test.core.app.InstrumentationActivityInvoker$EmptyActivity }, activity=androidx.test.core.app.InstrumentationActivityInvoker$EmptyActivity@a95da0e
09-15 08:52:30.316   361   443 D goldfish-address-space: claimShared: Ask to claim region [0x3ef59c000 0x3eff40000]
09-15 08:52:30.318   361   443 D goldfish-address-space: claimShared: Ask to claim region [0x3ed974000 0x3ee318000]
09-15 08:52:30.319   361   443 D goldfish-address-space: claimShared: Ask to claim region [0x3f5348000 0x3f5cec000]
09-15 08:52:30.321  2701  2701 I A       : onApplyWindowInsets: systemWindowInsets=Insets{left=0, top=145, right=0, bottom=132}
09-15 08:52:30.321  2701  2701 I A       : onApplyWindowInsets: Adjusting for display cutouts. Safe insets: left=0, top=136, right=0, bottom=0
09-15 08:52:30.323  2701  2701 I A       : onApplyWindowInsets: systemWindowInsets=Insets{left=0, top=145, right=0, bottom=132}
09-15 08:52:30.328   568   615 W InputManager-JNI: Input channel object '8748c66 Splash Screen com.example.dogglers (client)' was disposed without first being removed with the input manager!
09-15 08:52:30.330   568   611 I ActivityTaskManager: Displayed com.example.dogglers/androidx.test.core.app.InstrumentationActivityInvoker$EmptyActivity: +62ms
09-15 08:52:30.350 11044 11044 D LifecycleMonitor: Lifecycle status change: com.example.dogglers.VerticalListActivity@1759cab in: STOPPED
09-15 08:52:30.350 11044 11044 V ActivityScenario: Update currentActivityStage to STOPPED, currentActivity=com.example.dogglers.VerticalListActivity@1759cab
09-15 08:52:30.351 11044 11044 D LifecycleMonitor: Lifecycle status change: com.example.dogglers.VerticalListActivity@1759cab in: DESTROYED
09-15 08:52:30.351 11044 11044 V ActivityScenario: Update currentActivityStage to DESTROYED, currentActivity=null
09-15 08:52:30.352   568  2760 W InputManager-JNI: Input channel object '8cb2e84 com.example.dogglers/com.example.dogglers.VerticalListActivity (client)' was disposed without first being removed with the input manager!
09-15 08:52:30.364 11044 11044 D LifecycleMonitor: Lifecycle status change: androidx.test.core.app.InstrumentationActivityInvoker$EmptyActivity@a95da0e in: PAUSED
09-15 08:52:30.364 11044 11044 V ActivityScenario: Activity lifecycle changed event received but ignored because the intent does not match. startActivityIntent=Intent { act=android.intent.action.MAIN cat=[android.intent.category.LAUNCHER] cmp=com.example.dogglers/.VerticalListActivity }, activity.getIntent()=Intent { act=android.intent.action.MAIN cat=[android.intent.category.LAUNCHER] flg=0x10000000 cmp=com.example.dogglers/androidx.test.core.app.InstrumentationActivityInvoker$EmptyActivity }, activity=androidx.test.core.app.InstrumentationActivityInvoker$EmptyActivity@a95da0e
09-15 08:52:30.368 11044 11044 D LifecycleMonitor: Lifecycle status change: androidx.test.core.app.InstrumentationActivityInvoker$BootstrapActivity@1028369 in: DESTROYED
09-15 08:52:30.368 11044 11044 V ActivityScenario: Activity lifecycle changed event received but ignored because the intent does not match. startActivityIntent=Intent { act=android.intent.action.MAIN cat=[android.intent.category.LAUNCHER] cmp=com.example.dogglers/.VerticalListActivity }, activity.getIntent()=Intent { act=android.intent.action.MAIN cat=[android.intent.category.LAUNCHER] flg=0x10008000 cmp=com.example.dogglers/androidx.test.core.app.InstrumentationActivityInvoker$BootstrapActivity (has extras) }, activity=androidx.test.core.app.InstrumentationActivityInvoker$BootstrapActivity@1028369
09-15 08:52:30.373 11044 11044 D LifecycleMonitor: Lifecycle status change: androidx.test.core.app.InstrumentationActivityInvoker$EmptyActivity@ca54cd4 in: PRE_ON_CREATE
09-15 08:52:30.377 11044 11044 V ActivityScenario: Activity lifecycle changed event received but ignored because the intent does not match. startActivityIntent=Intent { act=android.intent.action.MAIN cat=[android.intent.category.LAUNCHER] cmp=com.example.dogglers/.VerticalListActivity }, activity.getIntent()=Intent { act=android.intent.action.MAIN cat=[android.intent.category.LAUNCHER] flg=0x10000000 cmp=com.example.dogglers/androidx.test.core.app.InstrumentationActivityInvoker$EmptyActivity }, activity=androidx.test.core.app.InstrumentationActivityInvoker$EmptyActivity@ca54cd4
09-15 08:52:30.381 11044 11044 D LifecycleMonitor: Lifecycle status change: androidx.test.core.app.InstrumentationActivityInvoker$EmptyActivity@ca54cd4 in: CREATED
09-15 08:52:30.381 11044 11044 V ActivityScenario: Activity lifecycle changed event received but ignored because the intent does not match. startActivityIntent=Intent { act=android.intent.action.MAIN cat=[android.intent.category.LAUNCHER] cmp=com.example.dogglers/.VerticalListActivity }, activity.getIntent()=Intent { act=android.intent.action.MAIN cat=[android.intent.category.LAUNCHER] flg=0x10000000 cmp=com.example.dogglers/androidx.test.core.app.InstrumentationActivityInvoker$EmptyActivity }, activity=androidx.test.core.app.InstrumentationActivityInvoker$EmptyActivity@ca54cd4
09-15 08:52:30.382 11044 11044 D LifecycleMonitor: Lifecycle status change: androidx.test.core.app.InstrumentationActivityInvoker$EmptyActivity@ca54cd4 in: STARTED
09-15 08:52:30.382 11044 11044 V ActivityScenario: Activity lifecycle changed event received but ignored because the intent does not match. startActivityIntent=Intent { act=android.intent.action.MAIN cat=[android.intent.category.LAUNCHER] cmp=com.example.dogglers/.VerticalListActivity }, activity.getIntent()=Intent { act=android.intent.action.MAIN cat=[android.intent.category.LAUNCHER] flg=0x10000000 cmp=com.example.dogglers/androidx.test.core.app.InstrumentationActivityInvoker$EmptyActivity }, activity=androidx.test.core.app.InstrumentationActivityInvoker$EmptyActivity@ca54cd4
09-15 08:52:30.383 11044 11044 D LifecycleMonitor: Lifecycle status change: androidx.test.core.app.InstrumentationActivityInvoker$EmptyActivity@ca54cd4 in: RESUMED
09-15 08:52:30.383 11044 11044 V ActivityScenario: Activity lifecycle changed event received but ignored because the intent does not match. startActivityIntent=Intent { act=android.intent.action.MAIN cat=[android.intent.category.LAUNCHER] cmp=com.example.dogglers/.VerticalListActivity }, activity.getIntent()=Intent { act=android.intent.action.MAIN cat=[android.intent.category.LAUNCHER] flg=0x10000000 cmp=com.example.dogglers/androidx.test.core.app.InstrumentationActivityInvoker$EmptyActivity }, activity=androidx.test.core.app.InstrumentationActivityInvoker$EmptyActivity@ca54cd4
09-15 08:52:30.397   361   443 D goldfish-address-space: claimShared: Ask to claim region [0x3eebf8000 0x3ef59c000]
09-15 08:52:30.400   361   443 D goldfish-address-space: claimShared: Ask to claim region [0x3ec000000 0x3ec9a4000]
09-15 08:52:30.400   361   443 D goldfish-address-space: claimShared: Ask to claim region [0x3ec9a4000 0x3ed348000]
09-15 08:52:30.407   568   611 I ActivityTaskManager: Displayed com.example.dogglers/androidx.test.core.app.InstrumentationActivityInvoker$EmptyActivity: +72ms
09-15 08:52:30.413 11044 11044 D LifecycleMonitor: Lifecycle status change: androidx.test.core.app.InstrumentationActivityInvoker$EmptyActivity@a95da0e in: STOPPED
09-15 08:52:30.413 11044 11044 V ActivityScenario: Activity lifecycle changed event received but ignored because the intent does not match. startActivityIntent=Intent { act=android.intent.action.MAIN cat=[android.intent.category.LAUNCHER] cmp=com.example.dogglers/.VerticalListActivity }, activity.getIntent()=Intent { act=android.intent.action.MAIN cat=[android.intent.category.LAUNCHER] flg=0x10000000 cmp=com.example.dogglers/androidx.test.core.app.InstrumentationActivityInvoker$EmptyActivity }, activity=androidx.test.core.app.InstrumentationActivityInvoker$EmptyActivity@a95da0e
09-15 08:52:30.430   361   443 D goldfish-address-space: claimShared: Ask to claim region [0x3ed974000 0x3edfa0000]
09-15 08:52:30.437 11044 11044 D LifecycleMonitor: Lifecycle status change: androidx.test.core.app.InstrumentationActivityInvoker$EmptyActivity@a95da0e in: DESTROYED
09-15 08:52:30.437 11044 11044 V ActivityScenario: Activity lifecycle changed event received but ignored because the intent does not match. startActivityIntent=Intent { act=android.intent.action.MAIN cat=[android.intent.category.LAUNCHER] cmp=com.example.dogglers/.VerticalListActivity }, activity.getIntent()=Intent { act=android.intent.action.MAIN cat=[android.intent.category.LAUNCHER] flg=0x10000000 cmp=com.example.dogglers/androidx.test.core.app.InstrumentationActivityInvoker$EmptyActivity }, activity=androidx.test.core.app.InstrumentationActivityInvoker$EmptyActivity@a95da0e
09-15 08:52:30.438   568  1010 W InputManager-JNI: Input channel object '9e83ee4 com.example.dogglers/androidx.test.core.app.InstrumentationActivityInvoker$EmptyActivity (client)' was disposed without first being removed with the input manager!
09-15 08:52:30.444 11044 11044 D LifecycleMonitor: Lifecycle status change: androidx.test.core.app.InstrumentationActivityInvoker$EmptyActivity@ca54cd4 in: PAUSED
09-15 08:52:30.444 11044 11044 V ActivityScenario: Activity lifecycle changed event received but ignored because the intent does not match. startActivityIntent=Intent { act=android.intent.action.MAIN cat=[android.intent.category.LAUNCHER] cmp=com.example.dogglers/.VerticalListActivity }, activity.getIntent()=Intent { act=android.intent.action.MAIN cat=[android.intent.category.LAUNCHER] flg=0x10000000 cmp=com.example.dogglers/androidx.test.core.app.InstrumentationActivityInvoker$EmptyActivity }, activity=androidx.test.core.app.InstrumentationActivityInvoker$EmptyActivity@ca54cd4
09-15 08:52:30.449 11044 11065 I TestRunner: finished: vertical_scroll_content_at_first_position(com.example.dogglers.VerticalListTests)
